Component: ARM Compiler 5.06 update 6 (build 750) Tool: armlink [4d35ed]

==============================================================================

Section Cross References

    startup_stm32f767xx.o(RESET) refers to startup_stm32f767xx.o(STACK) for __initial_sp
    startup_stm32f767xx.o(RESET) refers to startup_stm32f767xx.o(.text) for Reset_Handler
    startup_stm32f767xx.o(RESET) refers to stm32f7xx_it.o(i.NMI_Handler) for NMI_Handler
    startup_stm32f767xx.o(RESET) refers to stm32f7xx_it.o(i.HardFault_Handler) for HardFault_Handler
    startup_stm32f767xx.o(RESET) refers to stm32f7xx_it.o(i.MemManage_Handler) for MemManage_Handler
    startup_stm32f767xx.o(RESET) refers to stm32f7xx_it.o(i.BusFault_Handler) for BusFault_Handler
    startup_stm32f767xx.o(RESET) refers to stm32f7xx_it.o(i.UsageFault_Handler) for UsageFault_Handler
    startup_stm32f767xx.o(RESET) refers to stm32f7xx_it.o(i.SVC_Handler) for SVC_Handler
    startup_stm32f767xx.o(RESET) refers to stm32f7xx_it.o(i.DebugMon_Handler) for DebugMon_Handler
    startup_stm32f767xx.o(RESET) refers to stm32f7xx_it.o(i.PendSV_Handler) for PendSV_Handler
    startup_stm32f767xx.o(RESET) refers to stm32f7xx_it.o(i.SysTick_Handler) for SysTick_Handler
    startup_stm32f767xx.o(RESET) refers to stm32f7xx_it.o(i.ADC_IRQHandler) for ADC_IRQHandler
    startup_stm32f767xx.o(RESET) refers to stm32f7xx_it.o(i.DMA2_Stream0_IRQHandler) for DMA2_Stream0_IRQHandler
    startup_stm32f767xx.o(RESET) refers to stm32f7xx_it.o(i.OTG_FS_IRQHandler) for OTG_FS_IRQHandler
    startup_stm32f767xx.o(.text) refers to system_stm32f7xx.o(i.SystemInit) for SystemInit
    startup_stm32f767xx.o(.text) refers to entry.o(.ARM.Collect$$$$00000000) for __main
    main.o(i.CDC_ReceiveCallBack) refers to main.o(i.arry_cmp) for arry_cmp
    main.o(i.CDC_ReceiveCallBack) refers to main.o(i.config_channel0) for config_channel0
    main.o(i.CDC_ReceiveCallBack) refers to stm32f7xx_hal_gpio.o(i.HAL_GPIO_WritePin) for HAL_GPIO_WritePin
    main.o(i.CDC_ReceiveCallBack) refers to stm32f7xx_hal_adc.o(i.HAL_ADC_Start) for HAL_ADC_Start
    main.o(i.CDC_ReceiveCallBack) refers to stm32f7xx_hal_adc_ex.o(i.HAL_ADCEx_MultiModeStart_DMA) for HAL_ADCEx_MultiModeStart_DMA
    main.o(i.CDC_ReceiveCallBack) refers to main.o(.data) for .data
    main.o(i.CDC_ReceiveCallBack) refers to adc.o(.bss) for hadc3
    main.o(i.CDC_ReceiveCallBack) refers to main.o(.bss) for .bss
    main.o(i.HAL_ADC_ConvCpltCallback) refers to max31865.o(i.Max31865_readTempC) for Max31865_readTempC
    main.o(i.HAL_ADC_ConvCpltCallback) refers to max31865.o(i.Max31865_Filter) for Max31865_Filter
    main.o(i.HAL_ADC_ConvCpltCallback) refers to main.o(i.config_channel3) for config_channel3
    main.o(i.HAL_ADC_ConvCpltCallback) refers to stm32f7xx_hal_adc.o(i.HAL_ADC_Start) for HAL_ADC_Start
    main.o(i.HAL_ADC_ConvCpltCallback) refers to stm32f7xx_hal_adc_ex.o(i.HAL_ADCEx_MultiModeGetValue) for HAL_ADCEx_MultiModeGetValue
    main.o(i.HAL_ADC_ConvCpltCallback) refers to usbd_cdc_if.o(i.CDC_Transmit_FS) for CDC_Transmit_FS
    main.o(i.HAL_ADC_ConvCpltCallback) refers to stm32f7xx_hal_gpio.o(i.HAL_GPIO_TogglePin) for HAL_GPIO_TogglePin
    main.o(i.HAL_ADC_ConvCpltCallback) refers to main.o(.data) for .data
    main.o(i.HAL_ADC_ConvCpltCallback) refers to main.o(.bss) for .bss
    main.o(i.HAL_ADC_ConvCpltCallback) refers to adc.o(.bss) for hadc3
    main.o(i.SystemClock_Config) refers to memseta.o(.text) for __aeabi_memclr4
    main.o(i.SystemClock_Config) refers to stm32f7xx_hal_rcc.o(i.HAL_RCC_OscConfig) for HAL_RCC_OscConfig
    main.o(i.SystemClock_Config) refers to stm32f7xx_hal_rcc.o(i.HAL_RCC_ClockConfig) for HAL_RCC_ClockConfig
    main.o(i.SystemClock_Config) refers to stm32f7xx_hal_rcc_ex.o(i.HAL_RCCEx_PeriphCLKConfig) for HAL_RCCEx_PeriphCLKConfig
    main.o(i.config_channel0) refers to stm32f7xx_hal_adc.o(i.HAL_ADC_ConfigChannel) for HAL_ADC_ConfigChannel
    main.o(i.config_channel0) refers to adc.o(.bss) for hadc1
    main.o(i.config_channel3) refers to stm32f7xx_hal_adc.o(i.HAL_ADC_ConfigChannel) for HAL_ADC_ConfigChannel
    main.o(i.config_channel3) refers to adc.o(.bss) for hadc1
    main.o(i.main) refers to stm32f7xx_hal.o(i.HAL_Init) for HAL_Init
    main.o(i.main) refers to main.o(i.SystemClock_Config) for SystemClock_Config
    main.o(i.main) refers to gpio.o(i.MX_GPIO_Init) for MX_GPIO_Init
    main.o(i.main) refers to dma.o(i.MX_DMA_Init) for MX_DMA_Init
    main.o(i.main) refers to adc.o(i.MX_ADC1_Init) for MX_ADC1_Init
    main.o(i.main) refers to adc.o(i.MX_ADC2_Init) for MX_ADC2_Init
    main.o(i.main) refers to adc.o(i.MX_ADC3_Init) for MX_ADC3_Init
    main.o(i.main) refers to spi.o(i.MX_SPI1_Init) for MX_SPI1_Init
    main.o(i.main) refers to usb_device.o(i.MX_USB_DEVICE_Init) for MX_USB_DEVICE_Init
    main.o(i.main) refers to stm32f7xx_hal_gpio.o(i.HAL_GPIO_WritePin) for HAL_GPIO_WritePin
    main.o(i.main) refers to max31865.o(i.Max31865_init) for Max31865_init
[...]
    i.SysTick_Handler                        0x080038f6   Section        0  stm32f7xx_it.o(i.SysTick_Handler)
    i.SystemClock_Config                     0x080038fc   Section        0  main.o(i.SystemClock_Config)
    i.SystemInit                             0x0800399c   Section        0  system_stm32f7xx.o(i.SystemInit)
    i.USBD_CDC_DataIn                        0x080039b8   Section        0  usbd_cdc.o(i.USBD_CDC_DataIn)
    USBD_CDC_DataIn                          0x080039b9   Thumb Code    96  usbd_cdc.o(i.USBD_CDC_DataIn)
    i.USBD_CDC_DataOut                       0x08003a18   Section        0  usbd_cdc.o(i.USBD_CDC_DataOut)
    USBD_CDC_DataOut                         0x08003a19   Thumb Code    42  usbd_cdc.o(i.USBD_CDC_DataOut)
    i.USBD_CDC_DeInit                        0x08003a42   Section        0  usbd_cdc.o(i.USBD_CDC_DeInit)
    USBD_CDC_DeInit                          0x08003a43   Thumb Code    74  usbd_cdc.o(i.USBD_CDC_DeInit)
    i.USBD_CDC_EP0_RxReady                   0x08003a8c   Section        0  usbd_cdc.o(i.USBD_CDC_EP0_RxReady)
    USBD_CDC_EP0_RxReady                     0x08003a8d   Thumb Code    36  usbd_cdc.o(i.USBD_CDC_EP0_RxReady)
    i.USBD_CDC_GetDeviceQualifierDescriptor  0x08003ab0   Section        0  usbd_cdc.o(i.USBD_CDC_GetDeviceQualifierDescriptor)
    i.USBD_CDC_GetFSCfgDesc                  0x08003abc   Section        0  usbd_cdc.o(i.USBD_CDC_GetFSCfgDesc)
    USBD_CDC_GetFSCfgDesc                    0x08003abd   Thumb Code     8  usbd_cdc.o(i.USBD_CDC_GetFSCfgDesc)
    i.USBD_CDC_GetHSCfgDesc                  0x08003ac8   Section        0  usbd_cdc.o(i.USBD_CDC_GetHSCfgDesc)
    USBD_CDC_GetHSCfgDesc                    0x08003ac9   Thumb Code     8  usbd_cdc.o(i.USBD_CDC_GetHSCfgDesc)
    i.USBD_CDC_GetOtherSpeedCfgDesc          0x08003ad4   Section        0  usbd_cdc.o(i.USBD_CDC_GetOtherSpeedCfgDesc)
    USBD_CDC_GetOtherSpeedCfgDesc            0x08003ad5   Thumb Code     8  usbd_cdc.o(i.USBD_CDC_GetOtherSpeedCfgDesc)
    i.USBD_CDC_Init                          0x08003ae0   Section        0  usbd_cdc.o(i.USBD_CDC_Init)
    USBD_CDC_Init                            0x08003ae1   Thumb Code   162  usbd_cdc.o(i.USBD_CDC_Init)
    i.USBD_CDC_ReceivePacket                 0x08003b82   Section        0  usbd_cdc.o(i.USBD_CDC_ReceivePacket)
    i.USBD_CDC_RegisterInterface             0x08003baa   Section        0  usbd_cdc.o(i.USBD_CDC_RegisterInterface)
    i.USBD_CDC_SetRxBuffer                   0x08003bb8   Section        0  usbd_cdc.o(i.USBD_CDC_SetRxBuffer)
    i.USBD_CDC_SetTxBuffer                   0x08003bc4   Section        0  usbd_cdc.o(i.USBD_CDC_SetTxBuffer)
    i.USBD_CDC_Setup                         0x08003bd4   Section        0  usbd_cdc.o(i.USBD_CDC_Setup)
    USBD_CDC_Setup                           0x08003bd5   Thumb Code   178  usbd_cdc.o(i.USBD_CDC_Setup)
    i.USBD_CDC_TransmitPacket                0x08003c86   Section        0  usbd_cdc.o(i.USBD_CDC_TransmitPacket)
    i.USBD_ClrClassConfig                    0x08003cbc   Section        0  usbd_core.o(i.USBD_ClrClassConfig)
    i.USBD_CtlContinueRx                     0x08003ccc   Section        0  usbd_ioreq.o(i.USBD_CtlContinueRx)
    i.USBD_CtlContinueSendData               0x08003cdc   Section        0  usbd_ioreq.o(i.USBD_CtlContinueSendData)
    i.USBD_CtlError                          0x08003cec   Section        0  usbd_ctlreq.o(i.USBD_CtlError)
    i.USBD_CtlPrepareRx                      0x08003d02   Section        0  usbd_ioreq.o(i.USBD_CtlPrepareRx)
    i.USBD_CtlReceiveStatus                  0x08003d20   Section        0  usbd_ioreq.o(i.USBD_CtlReceiveStatus)
    i.USBD_CtlSendData                       0x08003d36   Section        0  usbd_ioreq.o(i.USBD_CtlSendData)
    i.USBD_CtlSendStatus                     0x08003d50   Section        0  usbd_ioreq.o(i.USBD_CtlSendStatus)
    i.USBD_FS_ConfigStrDescriptor            0x08003d68   Section        0  usbd_desc.o(i.USBD_FS_ConfigStrDescriptor)
    i.USBD_FS_DeviceDescriptor               0x08003d88   Section        0  usbd_desc.o(i.USBD_FS_DeviceDescriptor)
    i.USBD_FS_InterfaceStrDescriptor         0x08003d94   Section        0  usbd_desc.o(i.USBD_FS_InterfaceStrDescriptor)
    i.USBD_FS_LangIDStrDescriptor            0x08003db8   Section        0  usbd_desc.o(i.USBD_FS_LangIDStrDescriptor)
    i.USBD_FS_ManufacturerStrDescriptor      0x08003dc4   Section        0  usbd_desc.o(i.USBD_FS_ManufacturerStrDescriptor)
    i.USBD_FS_ProductStrDescriptor           0x08003dec   Section        0  usbd_desc.o(i.USBD_FS_ProductStrDescriptor)
    i.USBD_FS_SerialStrDescriptor            0x08003e18   Section        0  usbd_desc.o(i.USBD_FS_SerialStrDescriptor)
    i.USBD_FS_USR_BOSDescriptor              0x08003e54   Section        0  usbd_desc.o(i.USBD_FS_USR_BOSDescriptor)
    i.USBD_GetDescriptor                     0x08003e60   Section        0  usbd_ctlreq.o(i.USBD_GetDescriptor)
    USBD_GetDescriptor                       0x08003e61   Thumb Code   250  usbd_ctlreq.o(i.USBD_GetDescriptor)
    i.USBD_GetString                         0x08003f5a   Section        0  usbd_ctlreq.o(i.USBD_GetString)
    i.USBD_Get_USB_Status                    0x08003fa4   Section        0  usbd_conf.o(i.USBD_Get_USB_Status)
    i.USBD_Init                              0x08003fbc   Section        0  usbd_core.o(i.USBD_Init)
    i.USBD_LL_ClearStallEP                   0x08003ff0   Section        0  usbd_conf.o(i.USBD_LL_ClearStallEP)
    i.USBD_LL_CloseEP                        0x08004002   Section        0  usbd_conf.o(i.USBD_LL_CloseEP)
    i.USBD_LL_DataInStage                    0x08004014   Section        0  usbd_core.o(i.USBD_LL_DataInStage)
    i.USBD_LL_DataOutStage                   0x080040be   Section        0  usbd_core.o(i.USBD_LL_DataOutStage)
    i.USBD_LL_DevConnected                   0x0800412c   Section        0  usbd_core.o(i.USBD_LL_DevConnected)
    i.USBD_LL_DevDisconnected                0x08004130   Section        0  usbd_core.o(i.USBD_LL_DevDisconnected)
    i.USBD_LL_GetRxDataSize                  0x0800414a   Section        0  usbd_conf.o(i.USBD_LL_GetRxDataSize)
    i.USBD_LL_Init                           0x08004154   Section        0  usbd_conf.o(i.USBD_LL_Init)
    i.USBD_LL_IsStallEP                      0x080041b4   Section        0  usbd_conf.o(i.USBD_LL_IsStallEP)
    i.USBD_LL_IsoINIncomplete                0x080041d4   Section        0  usbd_core.o(i.USBD_LL_IsoINIncomplete)
    i.USBD_LL_IsoOUTIncomplete               0x080041d8   Section        0  usbd_core.o(i.USBD_LL_IsoOUTIncomplete)
    i.USBD_LL_OpenEP                         0x080041dc   Section        0  usbd_conf.o(i.USBD_LL_OpenEP)
    i.USBD_LL_PrepareReceive                 0x080041f4   Section        0  usbd_conf.o(i.USBD_LL_PrepareReceive)
    i.USBD_LL_Reset                          0x08004206   Section        0  usbd_core.o(i.USBD_LL_Reset)
    i.USBD_LL_Resume                         0x08004258   Section        0  usbd_core.o(i.USBD_LL_Resume)
    i.USBD_LL_SOF                            0x0800426c   Section        0  usbd_core.o(i.USBD_LL_SOF)
    i.USBD_LL_SetSpeed                       0x08004284   Section        0  usbd_core.o(i.USBD_LL_SetSpeed)
    i.USBD_LL_SetUSBAddress                  0x0800428a   Section        0  usbd_conf.o(i.USBD_LL_SetUSBAddress)
    i.USBD_LL_SetupStage                     0x0800429c   Section        0  usbd_core.o(i.USBD_LL_SetupStage)
    i.USBD_LL_StallEP                        0x080042f8   Section        0  usbd_conf.o(i.USBD_LL_StallEP)
    i.USBD_LL_Start                          0x0800430a   Section        0  usbd_conf.o(i.USBD_LL_Start)
    i.USBD_LL_Suspend                        0x0800431c   Section        0  usbd_core.o(i.USBD_LL_Suspend)
    i.USBD_LL_Transmit                       0x0800432e   Section        0  usbd_conf.o(i.USBD_LL_Transmit)
    i.USBD_ParseSetupRequest                 0x08004340   Section        0  usbd_ctlreq.o(i.USBD_ParseSetupRequest)
    i.USBD_RegisterClass                     0x0800436a   Section        0  usbd_core.o(i.USBD_RegisterClass)
    i.USBD_SetClassConfig                    0x0800438c   Section        0  usbd_core.o(i.USBD_SetClassConfig)
    i.USBD_SetConfig                         0x080043a0   Section        0  usbd_ctlreq.o(i.USBD_SetConfig)
    USBD_SetConfig                           0x080043a1   Thumb Code   184  usbd_ctlreq.o(i.USBD_SetConfig)
    i.USBD_Start                             0x0800445c   Section        0  usbd_core.o(i.USBD_Start)
    i.USBD_StdDevReq                         0x08004460   Section        0  usbd_ctlreq.o(i.USBD_StdDevReq)
    i.USBD_StdEPReq                          0x08004576   Section        0  usbd_ctlreq.o(i.USBD_StdEPReq)
    i.USBD_StdItfReq                         0x080046c2   Section        0  usbd_ctlreq.o(i.USBD_StdItfReq)
    i.USB_ActivateEndpoint                   0x08004718   Section        0  stm32f7xx_ll_usb.o(i.USB_ActivateEndpoint)
    i.USB_ActivateSetup                      0x08004798   Section        0  stm32f7xx_ll_usb.o(i.USB_ActivateSetup)
    i.USB_CoreInit                           0x080047b4   Section        0  stm32f7xx_ll_usb.o(i.USB_CoreInit)
    i.USB_CoreReset                          0x08004820   Section        0  stm32f7xx_ll_usb.o(i.USB_CoreReset)
    USB_CoreReset                            0x08004821   Thumb Code    50  stm32f7xx_ll_usb.o(i.USB_CoreReset)
    i.USB_DeactivateEndpoint                 0x08004858   Section        0  stm32f7xx_ll_usb.o(i.USB_DeactivateEndpoint)
    i.USB_DevConnect                         0x08004924   Section        0  stm32f7xx_ll_usb.o(i.USB_DevConnect)
    i.USB_DevDisconnect                      0x0800493c   Section        0  stm32f7xx_ll_usb.o(i.USB_DevDisconnect)
    i.USB_DevInit                            0x08004954   Section        0  stm32f7xx_ll_usb.o(i.USB_DevInit)
    i.USB_DisableGlobalInt                   0x08004ad0   Section        0  stm32f7xx_ll_usb.o(i.USB_DisableGlobalInt)
    i.USB_EP0StartXfer                       0x08004adc   Section        0  stm32f7xx_ll_usb.o(i.USB_EP0StartXfer)
    i.USB_EP0_OutStart                       0x08004bf8   Section        0  stm32f7xx_ll_usb.o(i.USB_EP0_OutStart)
    i.USB_EPClearStall                       0x08004c50   Section        0  stm32f7xx_ll_usb.o(i.USB_EPClearStall)
    i.USB_EPSetStall                         0x08004ca8   Section        0  stm32f7xx_ll_usb.o(i.USB_EPSetStall)
    i.USB_EPStartXfer                        0x08004d00   Section        0  stm32f7xx_ll_usb.o(i.USB_EPStartXfer)
    i.USB_EnableGlobalInt                    0x08004ee8   Section        0  stm32f7xx_ll_usb.o(i.USB_EnableGlobalInt)
    i.USB_FlushRxFifo                        0x08004ef4   Section        0  stm32f7xx_ll_usb.o(i.USB_FlushRxFifo)
    i.USB_FlushTxFifo                        0x08004f14   Section        0  stm32f7xx_ll_usb.o(i.USB_FlushTxFifo)
    i.USB_GetDevSpeed                        0x08004f38   Section        0  stm32f7xx_ll_usb.o(i.USB_GetDevSpeed)
    i.USB_GetMode                            0x08004f52   Section        0  stm32f7xx_ll_usb.o(i.USB_GetMode)
    i.USB_ReadDevAllInEpInterrupt            0x08004f5a   Section        0  stm32f7xx_ll_usb.o(i.USB_ReadDevAllInEpInterrupt)
    i.USB_ReadDevAllOutEpInterrupt           0x08004f68   Section        0  stm32f7xx_ll_usb.o(i.USB_ReadDevAllOutEpInterrupt)
    i.USB_ReadDevInEPInterrupt               0x08004f76   Section        0  stm32f7xx_ll_usb.o(i.USB_ReadDevInEPInterrupt)
    i.USB_ReadDevOutEPInterrupt              0x08004f9a   Section        0  stm32f7xx_ll_usb.o(i.USB_ReadDevOutEPInterrupt)
    i.USB_ReadInterrupts                     0x08004faa   Section        0  stm32f7xx_ll_usb.o(i.USB_ReadInterrupts)
    i.USB_ReadPacket                         0x08004fb2   Section        0  stm32f7xx_ll_usb.o(i.USB_ReadPacket)
    i.USB_SetCurrentMode                     0x08004fce   Section        0  stm32f7xx_ll_usb.o(i.USB_SetCurrentMode)
    i.USB_SetDevAddress                      0x08004ffc   Section        0  stm32f7xx_ll_usb.o(i.USB_SetDevAddress)
    i.USB_SetTurnaroundTime                  0x08005020   Section        0  stm32f7xx_ll_usb.o(i.USB_SetTurnaroundTime)
    i.USB_WritePacket                        0x08005108   Section        0  stm32f7xx_ll_usb.o(i.USB_WritePacket)
    i.UsageFault_Handler                     0x0800512c   Section        0  stm32f7xx_it.o(i.UsageFault_Handler)
    i.__NVIC_SetPriority                     0x0800512e   Section        0  stm32f7xx_hal_cortex.o(i.__NVIC_SetPriority)
    __NVIC_SetPriority                       0x0800512f   Thumb Code    34  stm32f7xx_hal_cortex.o(i.__NVIC_SetPriority)
    i.__hardfp_sqrtf                         0x08005150   Section        0  sqrtf.o(i.__hardfp_sqrtf)
    i.__scatterload_copy                     0x0800518a   Section       14  handlers.o(i.__scatterload_copy)
    i.__scatterload_null                     0x08005198   Section        2  handlers.o(i.__scatterload_null)
    i.__scatterload_zeroinit                 0x0800519a   Section       14  handlers.o(i.__scatterload_zeroinit)
    i.__set_errno                            0x080051a8   Section        0  errno.o(i.__set_errno)
    i.arry_cmp                               0x080051b4   Section        0  main.o(i.arry_cmp)
    i.config_channel0                        0x080051d4   Section        0  main.o(i.config_channel0)
    i.config_channel3                        0x08005208   Section        0  main.o(i.config_channel3)
    i.free                                   0x08005240   Section        0  malloc.o(i.free)
    i.main                                   0x08005290   Section        0  main.o(i.main)
    i.malloc                                 0x080052e8   Section        0  malloc.o(i.malloc)
    .constdata                               0x08005354   Section        8  stm32f7xx_hal_dma.o(.constdata)
    flagBitshiftOffset                       0x08005354   Data           8  stm32f7xx_hal_dma.o(.constdata)
    .constdata                               0x0800535c   Section       16  system_stm32f7xx.o(.constdata)
    .data                                    0x20000000   Section       20  main.o(.data)
    .data                                    0x20000014   Section       32  usbd_desc.o(.data)
    .data                                    0x20000034   Section       62  usbd_desc.o(.data)
    .data                                    0x20000074   Section       20  usbd_cdc_if.o(.data)
    .data                                    0x20000088   Section       12  stm32f7xx_hal.o(.data)
    .data                                    0x20000094   Section        4  system_stm32f7xx.o(.data)
    .data                                    0x20000098   Section        1  usbd_ctlreq.o(.data)
    cfgidx                                   0x20000098   Data           1  usbd_ctlreq.o(.data)
    .data                                    0x2000009c   Section      215  usbd_cdc.o(.data)
    USBD_CDC_DeviceQualifierDesc             0x2000009c   Data          10  usbd_cdc.o(.data)
    USBD_CDC_CfgHSDesc                       0x200000a8   Data          67  usbd_cdc.o(.data)
    USBD_CDC_CfgFSDesc                       0x200000ec   Data          67  usbd_cdc.o(.data)
    USBD_CDC_OtherSpeedCfgDesc               0x20000130   Data          67  usbd_cdc.o(.data)
    .data                                    0x20000174   Section       56  usbd_cdc.o(.data)
    .data                                    0x200001ac   Section        4  mvars.o(.data)
    .data                                    0x200001b0   Section        4  mvars.o(.data)
    .data                                    0x200001b4   Section        4  errno.o(.data)
    _errno                                   0x200001b4   Data           4  errno.o(.data)
    .bss                                     0x200001b8   Section    15024  main.o(.bss)
    .bss                                     0x20003c68   Section      312  adc.o(.bss)
    .bss                                     0x20003da0   Section      100  spi.o(.bss)
    .bss                                     0x20003e04   Section      720  usb_device.o(.bss)
    .bss                                     0x200040d4   Section     1028  usbd_conf.o(.bss)
    .bss                                     0x200044d8   Section      512  usbd_desc.o(.bss)
    .bss                                     0x200046d8   Section     4096  usbd_cdc_if.o(.bss)
    HEAP                                     0x200056d8   Section    40960  startup_stm32f767xx.o(HEAP)
    STACK                                    0x2000f6d8   Section    40960  startup_stm32f767xx.o(STACK)

    Global Symbols

    Symbol Name                              Value     Ov Type        Size  Object(Section)

    BuildAttributes$$THM_ISAv4$E$P$D$K$B$S$7EM$VFPv5_D16$PE$PLD8$A:L22UL41UL21$X:L11$S22US41US21$IEEE1$IW$USESV6$~STKCKD$USESV7$~SHL$OTIME$ROPI$IEEEJ$EBA8$MICROLIB$REQ8$PRES8$EABIv2 0x00000000   Number         0  anon$$obj.o ABSOLUTE
    __ARM_use_no_argv                        0x00000000   Number         0  main.o ABSOLUTE
    __cpp_initialize__aeabi_                  - Undefined Weak Reference
    __cxa_finalize                            - Undefined Weak Reference
    _clock_init                               - Undefined Weak Reference
    _microlib_exit                            - Undefined Weak Reference
    __Vectors_Size                           0x000001f8   Number         0  startup_stm32f767xx.o ABSOLUTE
    __Vectors                                0x08000000   Data           4  startup_stm32f767xx.o(RESET)
    __Vectors_End                            0x080001f8   Data           0  startup_stm32f767xx.o(RESET)
    __main                                   0x080001f9   Thumb Code     0  entry.o(.ARM.Collect$$$$00000000)
    _main_stk                                0x080001f9   Thumb Code     0  entry2.o(.ARM.Collect$$$$00000001)
    _main_scatterload                        0x080001fd   Thumb Code     0  entry5.o(.ARM.Collect$$$$00000004)
    __main_after_scatterload                 0x08000201   Thumb Code     0  entry5.o(.ARM.Collect$$$$00000004)
    _main_clock                              0x08000201   Thumb Code     0  entry7b.o(.ARM.Collect$$$$00000008)
    _main_cpp_init                           0x08000201   Thumb Code     0  entry8b.o(.ARM.Collect$$$$0000000A)
    _main_init                               0x08000201   Thumb Code     0  entry9a.o(.ARM.Collect$$$$0000000B)
    __rt_final_cpp                           0x08000209   Thumb Code     0  entry10a.o(.ARM.Collect$$$$0000000D)
    __rt_final_exit                          0x08000209   Thumb Code     0  entry11a.o(.ARM.Collect$$$$0000000F)
    Reset_Handler                            0x0800020d   Thumb Code     8  startup_stm32f767xx.o(.text)
    CAN1_RX0_IRQHandler                      0x08000227   Thumb Code     0  startup_stm32f767xx.o(.text)
    CAN1_RX1_IRQHandler                      0x08000227   Thumb Code     0  startup_stm32f767xx.o(.text)
    CAN1_SCE_IRQHandler                      0x08000227   Thumb Code     0  startup_stm32f767xx.o(.text)
    CAN1_TX_IRQHandler                       0x08000227   Thumb Code     0  startup_stm32f767xx.o(.text)
    CAN2_RX0_IRQHandler                      0x08000227   Thumb Code     0  startup_stm32f767xx.o(.text)
    CAN2_RX1_IRQHandler                      0x08000227   Thumb Code     0  startup_stm32f767xx.o(.text)
    CAN2_SCE_IRQHandler                      0x08000227   Thumb Code     0  startup_stm32f767xx.o(.text)
    CAN2_TX_IRQHandler                       0x08000227   Thumb Code     0  startup_stm32f767xx.o(.text)
    CAN3_RX0_IRQHandler                      0x08000227   Thumb Code     0  startup_stm32f767xx.o(.text)
    CAN3_RX1_IRQHandler                      0x08000227   Thumb Code     0  startup_stm32f767xx.o(.text)
    CAN3_SCE_IRQHandler                      0x08000227   Thumb Code     0  startup_stm32f767xx.o(.text)
    CAN3_TX_IRQHandler                       0x08000227   Thumb Code     0  startup_stm32f767xx.o(.text)
    CEC_IRQHandler                           0x08000227   Thumb Code     0  startup_stm32f767xx.o(.text)
    DCMI_IRQHandler                          0x08000227   Thumb Code     0  startup_stm32f767xx.o(.text)
    DFSDM1_FLT0_IRQHandler                   0x08000227   Thumb Code     0  startup_stm32f767xx.o(.text)
    DFSDM1_FLT1_IRQHandler                   0x08000227   Thumb Code     0  startup_stm32f767xx.o(.text)
    DFSDM1_FLT2_IRQHandler                   0x08000227   Thumb Code     0  startup_stm32f767xx.o(.text)
    DFSDM1_FLT3_IRQHandler                   0x08000227   Thumb Code     0  startup_stm32f767xx.o(.text)
    DMA1_Stream0_IRQHandler                  0x08000227   Thumb Code     0  startup_stm32f767xx.o(.text)
    DMA1_Stream1_IRQHandler                  0x08000227   Thumb Code     0  startup_stm32f767xx.o(.text)
    DMA1_Stream2_IRQHandler                  0x08000227   Thumb Code     0  startup_stm32f767xx.o(.text)
    DMA1_Stream3_IRQHandler                  0x08000227   Thumb Code     0  startup_stm32f767xx.o(.text)
    DMA1_Stream4_IRQHandler                  0x08000227   Thumb Code     0  startup_stm32f767xx.o(.text)
    DMA1_Stream5_IRQHandler                  0x08000227   Thumb Code     0  startup_stm32f767xx.o(.text)
    DMA1_Stream6_IRQHandler                  0x08000227   Thumb Code     0  startup_stm32f767xx.o(.text)
    DMA1_Stream7_IRQHandler                  0x08000227   Thumb Code     0  startup_stm32f767xx.o(.text)
    DMA2D_IRQHandler                         0x08000227   Thumb Code     0  startup_stm32f767xx.o(.text)
    DMA2_Stream1_IRQHandler                  0x08000227   Thumb Code     0  startup_stm32f767xx.o(.text)
    DMA2_Stream2_IRQHandler                  0x08000227   Thumb Code     0  startup_stm32f767xx.o(.text)
    DMA2_Stream3_IRQHandler                  0x08000227   Thumb Code     0  startup_stm32f767xx.o(.text)
    DMA2_Stream4_IRQHandler                  0x08000227   Thumb Code     0  startup_stm32f767xx.o(.text)
    DMA2_Stream5_IRQHandler                  0x08000227   Thumb Code     0  startup_stm32f767xx.o(.text)
    DMA2_Stream6_IRQHandler                  0x08000227   Thumb Code     0  startup_stm32f767xx.o(.text)
    DMA2_Stream7_IRQHandler                  0x08000227   Thumb Code     0  startup_stm32f767xx.o(.text)
    ETH_IRQHandler                           0x08000227   Thumb Code     0  startup_stm32f767xx.o(.text)
    ETH_WKUP_IRQHandler                      0x08000227   Thumb Code     0  startup_stm32f767xx.o(.text)
    EXTI0_IRQHandler                         0x08000227   Thumb Code     0  startup_stm32f767xx.o(.text)
    EXTI15_10_IRQHandler                     0x08000227   Thumb Code     0  startup_stm32f767xx.o(.text)
    EXTI1_IRQHandler                         0x08000227   Thumb Code     0  startup_stm32f767xx.o(.text)
    EXTI2_IRQHandler                         0x08000227   Thumb Code     0  startup_stm32f767xx.o(.text)
    EXTI3_IRQHandler                         0x08000227   Thumb Code     0  startup_stm32f767xx.o(.text)
    EXTI4_IRQHandler                         0x08000227   Thumb Code     0  startup_stm32f767xx.o(.text)
    EXTI9_5_IRQHandler                       0x08000227   Thumb Code     0  startup_stm32f767xx.o(.text)
    FLASH_IRQHandler                         0x08000227   Thumb Code     0  startup_stm32f767xx.o(.text)
    FMC_IRQHandler                           0x08000227   Thumb Code     0  startup_stm32f767xx.o(.text)
    FPU_IRQHandler                           0x08000227   Thumb Code     0  startup_stm32f767xx.o(.text)
    I2C1_ER_IRQHandler                       0x08000227   Thumb Code     0  startup_stm32f767xx.o(.text)
    I2C1_EV_IRQHandler                       0x08000227   Thumb Code     0  startup_stm32f767xx.o(.text)
    I2C2_ER_IRQHandler                       0x08000227   Thumb Code     0  startup_stm32f767xx.o(.text)
    I2C2_EV_IRQHandler                       0x08000227   Thumb Code     0  startup_stm32f767xx.o(.text)
    I2C3_ER_IRQHandler                       0x08000227   Thumb Code     0  startup_stm32f767xx.o(.text)
    I2C3_EV_IRQHandler                       0x08000227   Thumb Code     0  startup_stm32f767xx.o(.text)
    I2C4_ER_IRQHandler                       0x08000227   Thumb Code     0  startup_stm32f767xx.o(.text)
    I2C4_EV_IRQHandler                       0x08000227   Thumb Code     0  startup_stm32f767xx.o(.text)
    JPEG_IRQHandler                          0x08000227   Thumb Code     0  startup_stm32f767xx.o(.text)
    LPTIM1_IRQHandler                        0x08000227   Thumb Code     0  startup_stm32f767xx.o(.text)
    LTDC_ER_IRQHandler                       0x08000227   Thumb Code     0  startup_stm32f767xx.o(.text)
    LTDC_IRQHandler                          0x08000227   Thumb Code     0  startup_stm32f767xx.o(.text)
    MDIOS_IRQHandler                         0x08000227   Thumb Code     0  startup_stm32f767xx.o(.text)
    OTG_FS_WKUP_IRQHandler                   0x08000227   Thumb Code     0  startup_stm32f767xx.o(.text)
    OTG_HS_EP1_IN_IRQHandler                 0x08000227   Thumb Code     0  startup_stm32f767xx.o(.text)
    OTG_HS_EP1_OUT_IRQHandler                0x08000227   Thumb Code     0  startup_stm32f767xx.o(.text)
    OTG_HS_IRQHandler                        0x08000227   Thumb Code     0  startup_stm32f767xx.o(.text)
    OTG_HS_WKUP_IRQHandler                   0x08000227   Thumb Code     0  startup_stm32f767xx.o(.text)
    PVD_IRQHandler                           0x08000227   Thumb Code     0  startup_stm32f767xx.o(.text)
    QUADSPI_IRQHandler                       0x08000227   Thumb Code     0  startup_stm32f767xx.o(.text)
    RCC_IRQHandler                           0x08000227   Thumb Code     0  startup_stm32f767xx.o(.text)
    RNG_IRQHandler                           0x08000227   Thumb Code     0  startup_stm32f767xx.o(.text)
    RTC_Alarm_IRQHandler                     0x08000227   Thumb Code     0  startup_stm32f767xx.o(.text)
    RTC_WKUP_IRQHandler                      0x08000227   Thumb Code     0  startup_stm32f767xx.o(.text)
    SAI1_IRQHandler                          0x08000227   Thumb Code     0  startup_stm32f767xx.o(.text)
    SAI2_IRQHandler                          0x08000227   Thumb Code     0  startup_stm32f767xx.o(.text)
    SDMMC1_IRQHandler                        0x08000227   Thumb Code     0  startup_stm32f767xx.o(.text)
    SDMMC2_IRQHandler                        0x08000227   Thumb Code     0  startup_stm32f767xx.o(.text)
    SPDIF_RX_IRQHandler                      0x08000227   Thumb Code     0  startup_stm32f767xx.o(.text)
    SPI1_IRQHandler                          0x08000227   Thumb Code     0  startup_stm32f767xx.o(.text)
    SPI2_IRQHandler                          0x08000227   Thumb Code     0  startup_stm32f767xx.o(.text)
    SPI3_IRQHandler                          0x08000227   Thumb Code     0  startup_stm32f767xx.o(.text)
    SPI4_IRQHandler                          0x08000227   Thumb Code     0  startup_stm32f767xx.o(.text)
    SPI5_IRQHandler                          0x08000227   Thumb Code     0  startup_stm32f767xx.o(.text)
    SPI6_IRQHandler                          0x08000227   Thumb Code     0  startup_stm32f767xx.o(.text)
    TAMP_STAMP_IRQHandler                    0x08000227   Thumb Code     0  startup_stm32f767xx.o(.text)
    TIM1_BRK_TIM9_IRQHandler                 0x08000227   Thumb Code     0  startup_stm32f767xx.o(.text)
    TIM1_CC_IRQHandler                       0x08000227   Thumb Code     0  startup_stm32f767xx.o(.text)
    TIM1_TRG_COM_TIM11_IRQHandler            0x08000227   Thumb Code     0  startup_stm32f767xx.o(.text)
    TIM1_UP_TIM10_IRQHandler                 0x08000227   Thumb Code     0  startup_stm32f767xx.o(.text)
    TIM2_IRQHandler                          0x08000227   Thumb Code     0  startup_stm32f767xx.o(.text)
    TIM3_IRQHandler                          0x08000227   Thumb Code     0  startup_stm32f767xx.o(.text)
    TIM4_IRQHandler                          0x08000227   Thumb Code     0  startup_stm32f767xx.o(.text)
    TIM5_IRQHandler                          0x08000227   Thumb Code     0  startup_stm32f767xx.o(.text)
    TIM6_DAC_IRQHandler                      0x08000227   Thumb Code     0  startup_stm32f767xx.o(.text)
    TIM7_IRQHandler                          0x08000227   Thumb Code     0  startup_stm32f767xx.o(.text)
    TIM8_BRK_TIM12_IRQHandler                0x08000227   Thumb Code     0  startup_stm32f767xx.o(.text)
    TIM8_CC_IRQHandler                       0x08000227   Thumb Code     0  startup_stm32f767xx.o(.text)
    TIM8_TRG_COM_TIM14_IRQHandler            0x08000227   Thumb Code     0  startup_stm32f767xx.o(.text)
    TIM8_UP_TIM13_IRQHandler                 0x08000227   Thumb Code     0  startup_stm32f767xx.o(.text)
    UART4_IRQHandler                         0x08000227   Thumb Code     0  startup_stm32f767xx.o(.text)
    UART5_IRQHandler                         0x08000227   Thumb Code     0  startup_stm32f767xx.o(.text)
    UART7_IRQHandler                         0x08000227   Thumb Code     0  startup_stm32f767xx.o(.text)
    UART8_IRQHandler                         0x08000227   Thumb Code     0  startup_stm32f767xx.o(.text)
    USART1_IRQHandler                        0x08000227   Thumb Code     0  startup_stm32f767xx.o(.text)
    USART2_IRQHandler                        0x08000227   Thumb Code     0  startup_stm32f767xx.o(.text)
    USART3_IRQHandler                        0x08000227   Thumb Code     0  startup_stm32f767xx.o(.text)
    USART6_IRQHandler                        0x08000227   Thumb Code     0  startup_stm32f767xx.o(.text)
    WWDG_IRQHandler                          0x08000227   Thumb Code     0  startup_stm32f767xx.o(.text)
    __aeabi_uldivmod                         0x08000231   Thumb Code    98  uldiv.o(.text)
    __aeabi_memcpy                           0x08000293   Thumb Code    36  memcpya.o(.text)
    __aeabi_memcpy4                          0x08000293   Thumb Code     0  memcpya.o(.text)
    __aeabi_memcpy8                          0x08000293   Thumb Code     0  memcpya.o(.text)
    __aeabi_memset                           0x080002b7   Thumb Code    14  memseta.o(.text)
    __aeabi_memset4                          0x080002b7   Thumb Code     0  memseta.o(.text)
    __aeabi_memset8                          0x080002b7   Thumb Code     0  memseta.o(.text)
    __aeabi_memclr                           0x080002c5   Thumb Code     4  memseta.o(.text)
    __aeabi_memclr4                          0x080002c5   Thumb Code     0  memseta.o(.text)
    __aeabi_memclr8                          0x080002c5   Thumb Code     0  memseta.o(.text)
    _memset$wrapper                          0x080002c9   Thumb Code    18  memseta.o(.text)
    __aeabi_llsl                             0x080002db   Thumb Code    30  llshl.o(.text)
    _ll_shift_l                              0x080002db   Thumb Code     0  llshl.o(.text)
    __aeabi_llsr                             0x080002f9   Thumb Code    32  llushr.o(.text)
    _ll_ushift_r                             0x080002f9   Thumb Code     0  llushr.o(.text)
    __I$use$fp                               0x08000319   Thumb Code     0  iusefp.o(.text)
    __scatterload                            0x08000319   Thumb Code    28  init.o(.text)
    __scatterload_rt2                        0x08000319   Thumb Code     0  init.o(.text)
    __decompress                             0x0800033d   Thumb Code     0  __dczerorl2.o(.text)
    __decompress1                            0x0800033d   Thumb Code    86  __dczerorl2.o(.text)
    ADC_IRQHandler                           0x08000395   Thumb Code    24  stm32f7xx_it.o(i.ADC_IRQHandler)
    BusFault_Handler                         0x08000563   Thumb Code     2  stm32f7xx_it.o(i.BusFault_Handler)
    CDC_ReceiveCallBack                      0x08000591   Thumb Code   130  main.o(i.CDC_ReceiveCallBack)
    CDC_Transmit_FS                          0x0800065d   Thumb Code    38  usbd_cdc_if.o(i.CDC_Transmit_FS)
    CDC_transmitCallBack                     0x08000689   Thumb Code     2  main.o(i.CDC_transmitCallBack)
    DMA2_Stream0_IRQHandler                  0x0800068d   Thumb Code     6  stm32f7xx_it.o(i.DMA2_Stream0_IRQHandler)
    DebugMon_Handler                         0x0800073d   Thumb Code     2  stm32f7xx_it.o(i.DebugMon_Handler)
    Error_Handler                            0x0800073f   Thumb Code     2  main.o(i.Error_Handler)
    HAL_ADCEx_InjectedConvCpltCallback       0x08000741   Thumb Code     2  stm32f7xx_hal_adc_ex.o(i.HAL_ADCEx_InjectedConvCpltCallback)
    HAL_ADCEx_MultiModeConfigChannel         0x08000745   Thumb Code   102  stm32f7xx_hal_adc_ex.o(i.HAL_ADCEx_MultiModeConfigChannel)
    HAL_ADCEx_MultiModeGetValue              0x080007b1   Thumb Code     8  stm32f7xx_hal_adc_ex.o(i.HAL_ADCEx_MultiModeGetValue)
    HAL_ADCEx_MultiModeStart_DMA             0x080007bd   Thumb Code   228  stm32f7xx_hal_adc_ex.o(i.HAL_ADCEx_MultiModeStart_DMA)
    HAL_ADC_ConfigChannel                    0x080008bd   Thumb Code   408  stm32f7xx_hal_adc.o(i.HAL_ADC_ConfigChannel)
    HAL_ADC_ConvCpltCallback                 0x08000a65   Thumb Code   142  main.o(i.HAL_ADC_ConvCpltCallback)
    HAL_ADC_ConvHalfCpltCallback             0x08000b19   Thumb Code     2  stm32f7xx_hal_adc.o(i.HAL_ADC_ConvHalfCpltCallback)
    HAL_ADC_ErrorCallback                    0x08000b1b   Thumb Code     2  stm32f7xx_hal_adc.o(i.HAL_ADC_ErrorCallback)
    HAL_ADC_IRQHandler                       0x08000b1d   Thumb Code   316  stm32f7xx_hal_adc.o(i.HAL_ADC_IRQHandler)
    HAL_ADC_Init                             0x08000c59   Thumb Code    84  stm32f7xx_hal_adc.o(i.HAL_ADC_Init)
    HAL_ADC_LevelOutOfWindowCallback         0x08000cad   Thumb Code     2  stm32f7xx_hal_adc.o(i.HAL_ADC_LevelOutOfWindowCallback)
    HAL_ADC_MspInit                          0x08000cb1   Thumb Code   238  adc.o(i.HAL_ADC_MspInit)
    HAL_ADC_Start                            0x08000dbd   Thumb Code   208  stm32f7xx_hal_adc.o(i.HAL_ADC_Start)
    HAL_DMA_IRQHandler                       0x08000e9d   Thumb Code   412  stm32f7xx_hal_dma.o(i.HAL_DMA_IRQHandler)
    HAL_DMA_Init                             0x0800103d   Thumb Code   222  stm32f7xx_hal_dma.o(i.HAL_DMA_Init)
    HAL_DMA_Start_IT                         0x08001121   Thumb Code   122  stm32f7xx_hal_dma.o(i.HAL_DMA_Start_IT)
    HAL_Delay                                0x0800119d   Thumb Code    32  stm32f7xx_hal.o(i.HAL_Delay)
    HAL_GPIO_Init                            0x080011c1   Thumb Code   420  stm32f7xx_hal_gpio.o(i.HAL_GPIO_Init)
    HAL_GPIO_TogglePin                       0x08001399   Thumb Code    12  stm32f7xx_hal_gpio.o(i.HAL_GPIO_TogglePin)
    HAL_GPIO_WritePin                        0x080013a5   Thumb Code    10  stm32f7xx_hal_gpio.o(i.HAL_GPIO_WritePin)
    HAL_GetTick                              0x080013b1   Thumb Code     6  stm32f7xx_hal.o(i.HAL_GetTick)
    HAL_IncTick                              0x080013bd   Thumb Code    12  stm32f7xx_hal.o(i.HAL_IncTick)
    HAL_Init                                 0x080013cd   Thumb Code    22  stm32f7xx_hal.o(i.HAL_Init)
    HAL_InitTick                             0x080013e5   Thumb Code    54  stm32f7xx_hal.o(i.HAL_InitTick)
    HAL_MspInit                              0x08001425   Thumb Code    42  stm32f7xx_hal_msp.o(i.HAL_MspInit)
    HAL_NVIC_EnableIRQ                       0x08001455   Thumb Code    26  stm32f7xx_hal_cortex.o(i.HAL_NVIC_EnableIRQ)
    HAL_NVIC_SetPriority                     0x08001471   Thumb Code    60  stm32f7xx_hal_cortex.o(i.HAL_NVIC_SetPriority)
    HAL_NVIC_SetPriorityGrouping             0x080014b1   Thumb Code    28  stm32f7xx_hal_cortex.o(i.HAL_NVIC_SetPriorityGrouping)
    HAL_PCDEx_ActivateLPM                    0x080014d5   Thumb Code    34  stm32f7xx_hal_pcd_ex.o(i.HAL_PCDEx_ActivateLPM)
    HAL_PCDEx_LPM_Callback                   0x080014fd   Thumb Code    92  usbd_conf.o(i.HAL_PCDEx_LPM_Callback)
    HAL_PCDEx_SetRxFiFo                      0x0800155d   Thumb Code     8  stm32f7xx_hal_pcd_ex.o(i.HAL_PCDEx_SetRxFiFo)
    HAL_PCDEx_SetTxFiFo                      0x08001565   Thumb Code    70  stm32f7xx_hal_pcd_ex.o(i.HAL_PCDEx_SetTxFiFo)
    HAL_PCD_ConnectCallback                  0x080015ab   Thumb Code     8  usbd_conf.o(i.HAL_PCD_ConnectCallback)
    HAL_PCD_DataInStageCallback              0x080015b3   Thumb Code    18  usbd_conf.o(i.HAL_PCD_DataInStageCallback)
    HAL_PCD_DataOutStageCallback             0x080015c5   Thumb Code    20  usbd_conf.o(i.HAL_PCD_DataOutStageCallback)
    HAL_PCD_DisconnectCallback               0x080015d9   Thumb Code     8  usbd_conf.o(i.HAL_PCD_DisconnectCallback)
    HAL_PCD_EP_Close                         0x080015e1   Thumb Code    76  stm32f7xx_hal_pcd.o(i.HAL_PCD_EP_Close)
    HAL_PCD_EP_ClrStall                      0x0800162d   Thumb Code    92  stm32f7xx_hal_pcd.o(i.HAL_PCD_EP_ClrStall)
    HAL_PCD_EP_GetRxCount                    0x08001689   Thumb Code    18  stm32f7xx_hal_pcd.o(i.HAL_PCD_EP_GetRxCount)
    HAL_PCD_EP_Open                          0x0800169b   Thumb Code    96  stm32f7xx_hal_pcd.o(i.HAL_PCD_EP_Open)
    HAL_PCD_EP_Receive                       0x080016fb   Thumb Code    68  stm32f7xx_hal_pcd.o(i.HAL_PCD_EP_Receive)
    HAL_PCD_EP_SetStall                      0x0800173f   Thumb Code   116  stm32f7xx_hal_pcd.o(i.HAL_PCD_EP_SetStall)
    HAL_PCD_EP_Transmit                      0x080017b3   Thumb Code    68  stm32f7xx_hal_pcd.o(i.HAL_PCD_EP_Transmit)
    HAL_PCD_IRQHandler                       0x080017f9   Thumb Code  1134  stm32f7xx_hal_pcd.o(i.HAL_PCD_IRQHandler)
    HAL_PCD_ISOINIncompleteCallback          0x08001c6d   Thumb Code     8  usbd_conf.o(i.HAL_PCD_ISOINIncompleteCallback)
    HAL_PCD_ISOOUTIncompleteCallback         0x08001c75   Thumb Code     8  usbd_conf.o(i.HAL_PCD_ISOOUTIncompleteCallback)
    HAL_PCD_Init                             0x08001c7d   Thumb Code   242  stm32f7xx_hal_pcd.o(i.HAL_PCD_Init)
    HAL_PCD_MspInit                          0x08001d71   Thumb Code   146  usbd_conf.o(i.HAL_PCD_MspInit)
    HAL_PCD_ResetCallback                    0x08001e0d   Thumb Code    44  usbd_conf.o(i.HAL_PCD_ResetCallback)
    HAL_PCD_ResumeCallback                   0x08001e39   Thumb Code     8  usbd_conf.o(i.HAL_PCD_ResumeCallback)
    HAL_PCD_SOFCallback                      0x08001e41   Thumb Code     8  usbd_conf.o(i.HAL_PCD_SOFCallback)
    HAL_PCD_SetAddress                       0x08001e49   Thumb Code    40  stm32f7xx_hal_pcd.o(i.HAL_PCD_SetAddress)
    HAL_PCD_SetupStageCallback               0x08001e71   Thumb Code    14  usbd_conf.o(i.HAL_PCD_SetupStageCallback)
    HAL_PCD_Start                            0x08001e7f   Thumb Code    42  stm32f7xx_hal_pcd.o(i.HAL_PCD_Start)
    HAL_PCD_SuspendCallback                  0x08001ea9   Thumb Code    44  usbd_conf.o(i.HAL_PCD_SuspendCallback)
    HAL_RCCEx_PeriphCLKConfig                0x08001ed9   Thumb Code  1336  stm32f7xx_hal_rcc_ex.o(i.HAL_RCCEx_PeriphCLKConfig)
    HAL_RCC_ClockConfig                      0x08002415   Thumb Code   284  stm32f7xx_hal_rcc.o(i.HAL_RCC_ClockConfig)
    HAL_RCC_GetHCLKFreq                      0x08002545   Thumb Code     6  stm32f7xx_hal_rcc.o(i.HAL_RCC_GetHCLKFreq)
    HAL_RCC_GetSysClockFreq                  0x08002551   Thumb Code    88  stm32f7xx_hal_rcc.o(i.HAL_RCC_GetSysClockFreq)
    HAL_RCC_OscConfig                        0x080025b1   Thumb Code   906  stm32f7xx_hal_rcc.o(i.HAL_RCC_OscConfig)
    HAL_SPI_Init                             0x08002949   Thumb Code   196  stm32f7xx_hal_spi.o(i.HAL_SPI_Init)
    HAL_SPI_MspInit                          0x08002a0d   Thumb Code   116  spi.o(i.HAL_SPI_MspInit)
    HAL_SPI_Transmit                         0x08002a91   Thumb Code   378  stm32f7xx_hal_spi.o(i.HAL_SPI_Transmit)
    HAL_SPI_TransmitReceive                  0x08002c0b   Thumb Code   608  stm32f7xx_hal_spi.o(i.HAL_SPI_TransmitReceive)
    HAL_SYSTICK_Config                       0x08002e6b   Thumb Code    38  stm32f7xx_hal_cortex.o(i.HAL_SYSTICK_Config)
    HardFault_Handler                        0x08002e91   Thumb Code     2  stm32f7xx_it.o(i.HardFault_Handler)
    MX_ADC1_Init                             0x08002ecd   Thumb Code   122  adc.o(i.MX_ADC1_Init)
    MX_ADC2_Init                             0x08002f55   Thumb Code    78  adc.o(i.MX_ADC2_Init)
    MX_ADC3_Init                             0x08002fad   Thumb Code    78  adc.o(i.MX_ADC3_Init)
    MX_DMA_Init                              0x08003005   Thumb Code    40  dma.o(i.MX_DMA_Init)
    MX_GPIO_Init                             0x08003031   Thumb Code   410  gpio.o(i.MX_GPIO_Init)
    MX_SPI1_Init                             0x080031ed   Thumb Code    74  spi.o(i.MX_SPI1_Init)
    MX_USB_DEVICE_Init                       0x08003241   Thumb Code    66  usb_device.o(i.MX_USB_DEVICE_Init)
    Max31865_Filter                          0x08003295   Thumb Code    22  max31865.o(i.Max31865_Filter)
    Max31865_autoConvert                     0x080032ab   Thumb Code    36  max31865.o(i.Max31865_autoConvert)
    Max31865_clearFault                      0x080032cf   Thumb Code    30  max31865.o(i.Max31865_clearFault)
    Max31865_enableBias                      0x080032ed   Thumb Code    36  max31865.o(i.Max31865_enableBias)
    Max31865_init                            0x08003311   Thumb Code    72  max31865.o(i.Max31865_init)
    Max31865_readFault                       0x08003359   Thumb Code     6  max31865.o(i.Max31865_readFault)
    Max31865_readRTD                         0x0800335f   Thumb Code    48  max31865.o(i.Max31865_readRTD)
    Max31865_readRegister16                  0x0800338f   Thumb Code    34  max31865.o(i.Max31865_readRegister16)
    Max31865_readRegister8                   0x080033b1   Thumb Code    22  max31865.o(i.Max31865_readRegister8)
    Max31865_readRegisterN                   0x080033c7   Thumb Code    90  max31865.o(i.Max31865_readRegisterN)
    Max31865_readTempC                       0x08003421   Thumb Code   250  max31865.o(i.Max31865_readTempC)
    Max31865_setFilter                       0x0800356d   Thumb Code    38  max31865.o(i.Max31865_setFilter)
    Max31865_setWires                        0x08003593   Thumb Code    38  max31865.o(i.Max31865_setWires)
    Max31865_writeRegister8                  0x080035b9   Thumb Code    62  max31865.o(i.Max31865_writeRegister8)
    MemManage_Handler                        0x080035f7   Thumb Code     2  stm32f7xx_it.o(i.MemManage_Handler)
    NMI_Handler                              0x080035f9   Thumb Code     2  stm32f7xx_it.o(i.NMI_Handler)
    OTG_FS_IRQHandler                        0x080035fd   Thumb Code     6  stm32f7xx_it.o(i.OTG_FS_IRQHandler)
    PendSV_Handler                           0x08003777   Thumb Code     2  stm32f7xx_it.o(i.PendSV_Handler)
    SVC_Handler                              0x080038eb   Thumb Code     2  stm32f7xx_it.o(i.SVC_Handler)
    SysTick_Handler                          0x080038f7   Thumb Code     4  stm32f7xx_it.o(i.SysTick_Handler)
    SystemClock_Config                       0x080038fd   Thumb Code   150  main.o(i.SystemClock_Config)
    SystemInit                               0x0800399d   Thumb Code    22  system_stm32f7xx.o(i.SystemInit)
    USBD_CDC_GetDeviceQualifierDescriptor    0x08003ab1   Thumb Code     8  usbd_cdc.o(i.USBD_CDC_GetDeviceQualifierDescriptor)
    USBD_CDC_ReceivePacket                   0x08003b83   Thumb Code    40  usbd_cdc.o(i.USBD_CDC_ReceivePacket)
    USBD_CDC_RegisterInterface               0x08003bab   Thumb Code    14  usbd_cdc.o(i.USBD_CDC_RegisterInterface)
    USBD_CDC_SetRxBuffer                     0x08003bb9   Thumb Code    12  usbd_cdc.o(i.USBD_CDC_SetRxBuffer)
    USBD_CDC_SetTxBuffer                     0x08003bc5   Thumb Code    16  usbd_cdc.o(i.USBD_CDC_SetTxBuffer)
    USBD_CDC_TransmitPacket                  0x08003c87   Thumb Code    54  usbd_cdc.o(i.USBD_CDC_TransmitPacket)
    USBD_ClrClassConfig                      0x08003cbd   Thumb Code    16  usbd_core.o(i.USBD_ClrClassConfig)
    USBD_CtlContinueRx                       0x08003ccd   Thumb Code    16  usbd_ioreq.o(i.USBD_CtlContinueRx)
    USBD_CtlContinueSendData                 0x08003cdd   Thumb Code    16  usbd_ioreq.o(i.USBD_CtlContinueSendData)
    USBD_CtlError                            0x08003ced   Thumb Code    22  usbd_ctlreq.o(i.USBD_CtlError)
    USBD_CtlPrepareRx                        0x08003d03   Thumb Code    30  usbd_ioreq.o(i.USBD_CtlPrepareRx)
    USBD_CtlReceiveStatus                    0x08003d21   Thumb Code    22  usbd_ioreq.o(i.USBD_CtlReceiveStatus)
    USBD_CtlSendData                         0x08003d37   Thumb Code    26  usbd_ioreq.o(i.USBD_CtlSendData)
    USBD_CtlSendStatus                       0x08003d51   Thumb Code    22  usbd_ioreq.o(i.USBD_CtlSendStatus)
    USBD_FS_ConfigStrDescriptor              0x08003d69   Thumb Code    16  usbd_desc.o(i.USBD_FS_ConfigStrDescriptor)
    USBD_FS_DeviceDescriptor                 0x08003d89   Thumb Code     8  usbd_desc.o(i.USBD_FS_DeviceDescriptor)
    USBD_FS_InterfaceStrDescriptor           0x08003d95   Thumb Code    16  usbd_desc.o(i.USBD_FS_InterfaceStrDescriptor)
    USBD_FS_LangIDStrDescriptor              0x08003db9   Thumb Code     8  usbd_desc.o(i.USBD_FS_LangIDStrDescriptor)
    USBD_FS_ManufacturerStrDescriptor        0x08003dc5   Thumb Code    16  usbd_desc.o(i.USBD_FS_ManufacturerStrDescriptor)
    USBD_FS_ProductStrDescriptor             0x08003ded   Thumb Code    16  usbd_desc.o(i.USBD_FS_ProductStrDescriptor)
    USBD_FS_SerialStrDescriptor              0x08003e19   Thumb Code    50  usbd_desc.o(i.USBD_FS_SerialStrDescriptor)
    USBD_FS_USR_BOSDescriptor                0x08003e55   Thumb Code     8  usbd_desc.o(i.USBD_FS_USR_BOSDescriptor)
    USBD_GetString                           0x08003f5b   Thumb Code    74  usbd_ctlreq.o(i.USBD_GetString)
    USBD_Get_USB_Status                      0x08003fa5   Thumb Code    24  usbd_conf.o(i.USBD_Get_USB_Status)
    USBD_Init                                0x08003fbd   Thumb Code    52  usbd_core.o(i.USBD_Init)
    USBD_LL_ClearStallEP                     0x08003ff1   Thumb Code    18  usbd_conf.o(i.USBD_LL_ClearStallEP)
    USBD_LL_CloseEP                          0x08004003   Thumb Code    18  usbd_conf.o(i.USBD_LL_CloseEP)
    USBD_LL_DataInStage                      0x08004015   Thumb Code   170  usbd_core.o(i.USBD_LL_DataInStage)
    USBD_LL_DataOutStage                     0x080040bf   Thumb Code   110  usbd_core.o(i.USBD_LL_DataOutStage)
    USBD_LL_DevConnected                     0x0800412d   Thumb Code     4  usbd_core.o(i.USBD_LL_DevConnected)
    USBD_LL_DevDisconnected                  0x08004131   Thumb Code    26  usbd_core.o(i.USBD_LL_DevDisconnected)
    USBD_LL_GetRxDataSize                    0x0800414b   Thumb Code     8  usbd_conf.o(i.USBD_LL_GetRxDataSize)
    USBD_LL_Init                             0x08004155   Thumb Code    90  usbd_conf.o(i.USBD_LL_Init)
    USBD_LL_IsStallEP                        0x080041b5   Thumb Code    32  usbd_conf.o(i.USBD_LL_IsStallEP)
    USBD_LL_IsoINIncomplete                  0x080041d5   Thumb Code     4  usbd_core.o(i.USBD_LL_IsoINIncomplete)
    USBD_LL_IsoOUTIncomplete                 0x080041d9   Thumb Code     4  usbd_core.o(i.USBD_LL_IsoOUTIncomplete)
    USBD_LL_OpenEP                           0x080041dd   Thumb Code    24  usbd_conf.o(i.USBD_LL_OpenEP)
    USBD_LL_PrepareReceive                   0x080041f5   Thumb Code    18  usbd_conf.o(i.USBD_LL_PrepareReceive)
    USBD_LL_Reset                            0x08004207   Thumb Code    82  usbd_core.o(i.USBD_LL_Reset)
    USBD_LL_Resume                           0x08004259   Thumb Code    20  usbd_core.o(i.USBD_LL_Resume)
    USBD_LL_SOF                              0x0800426d   Thumb Code    24  usbd_core.o(i.USBD_LL_SOF)
    USBD_LL_SetSpeed                         0x08004285   Thumb Code     6  usbd_core.o(i.USBD_LL_SetSpeed)
    USBD_LL_SetUSBAddress                    0x0800428b   Thumb Code    18  usbd_conf.o(i.USBD_LL_SetUSBAddress)
    USBD_LL_SetupStage                       0x0800429d   Thumb Code    92  usbd_core.o(i.USBD_LL_SetupStage)
    USBD_LL_StallEP                          0x080042f9   Thumb Code    18  usbd_conf.o(i.USBD_LL_StallEP)
    USBD_LL_Start                            0x0800430b   Thumb Code    18  usbd_conf.o(i.USBD_LL_Start)
    USBD_LL_Suspend                          0x0800431d   Thumb Code    18  usbd_core.o(i.USBD_LL_Suspend)
    USBD_LL_Transmit                         0x0800432f   Thumb Code    18  usbd_conf.o(i.USBD_LL_Transmit)
    USBD_ParseSetupRequest                   0x08004341   Thumb Code    42  usbd_ctlreq.o(i.USBD_ParseSetupRequest)
    USBD_RegisterClass                       0x0800436b   Thumb Code    34  usbd_core.o(i.USBD_RegisterClass)
    USBD_SetClassConfig                      0x0800438d   Thumb Code    20  usbd_core.o(i.USBD_SetClassConfig)
    USBD_Start                               0x0800445d   Thumb Code     4  usbd_core.o(i.USBD_Start)
    USBD_StdDevReq                           0x08004461   Thumb Code   278  usbd_ctlreq.o(i.USBD_StdDevReq)
    USBD_StdEPReq                            0x08004577   Thumb Code   332  usbd_ctlreq.o(i.USBD_StdEPReq)
    USBD_StdItfReq                           0x080046c3   Thumb Code    84  usbd_ctlreq.o(i.USBD_StdItfReq)
    USB_ActivateEndpoint                     0x08004719   Thumb Code   124  stm32f7xx_ll_usb.o(i.USB_ActivateEndpoint)
    USB_ActivateSetup                        0x08004799   Thumb Code    28  stm32f7xx_ll_usb.o(i.USB_ActivateSetup)
    USB_CoreInit                             0x080047b5   Thumb Code   104  stm32f7xx_ll_usb.o(i.USB_CoreInit)
    USB_DeactivateEndpoint                   0x08004859   Thumb Code   194  stm32f7xx_ll_usb.o(i.USB_DeactivateEndpoint)
    USB_DevConnect                           0x08004925   Thumb Code    24  stm32f7xx_ll_usb.o(i.USB_DevConnect)
    USB_DevDisconnect                        0x0800493d   Thumb Code    24  stm32f7xx_ll_usb.o(i.USB_DevDisconnect)
    USB_DevInit                              0x08004955   Thumb Code   372  stm32f7xx_ll_usb.o(i.USB_DevInit)
    USB_DisableGlobalInt                     0x08004ad1   Thumb Code    12  stm32f7xx_ll_usb.o(i.USB_DisableGlobalInt)
    USB_EP0StartXfer                         0x08004add   Thumb Code   280  stm32f7xx_ll_usb.o(i.USB_EP0StartXfer)
    USB_EP0_OutStart                         0x08004bf9   Thumb Code    84  stm32f7xx_ll_usb.o(i.USB_EP0_OutStart)
    USB_EPClearStall                         0x08004c51   Thumb Code    88  stm32f7xx_ll_usb.o(i.USB_EPClearStall)
    USB_EPSetStall                           0x08004ca9   Thumb Code    88  stm32f7xx_ll_usb.o(i.USB_EPSetStall)
    USB_EPStartXfer                          0x08004d01   Thumb Code   482  stm32f7xx_ll_usb.o(i.USB_EPStartXfer)
    USB_EnableGlobalInt                      0x08004ee9   Thumb Code    12  stm32f7xx_ll_usb.o(i.USB_EnableGlobalInt)
    USB_FlushRxFifo                          0x08004ef5   Thumb Code    28  stm32f7xx_ll_usb.o(i.USB_FlushRxFifo)
    USB_FlushTxFifo                          0x08004f15   Thumb Code    32  stm32f7xx_ll_usb.o(i.USB_FlushTxFifo)
    USB_GetDevSpeed                          0x08004f39   Thumb Code    26  stm32f7xx_ll_usb.o(i.USB_GetDevSpeed)
    USB_GetMode                              0x08004f53   Thumb Code     8  stm32f7xx_ll_usb.o(i.USB_GetMode)
    USB_ReadDevAllInEpInterrupt              0x08004f5b   Thumb Code    14  stm32f7xx_ll_usb.o(i.USB_ReadDevAllInEpInterrupt)
    USB_ReadDevAllOutEpInterrupt             0x08004f69   Thumb Code    14  stm32f7xx_ll_usb.o(i.USB_ReadDevAllOutEpInterrupt)
    USB_ReadDevInEPInterrupt                 0x08004f77   Thumb Code    36  stm32f7xx_ll_usb.o(i.USB_ReadDevInEPInterrupt)
    USB_ReadDevOutEPInterrupt                0x08004f9b   Thumb Code    16  stm32f7xx_ll_usb.o(i.USB_ReadDevOutEPInterrupt)
    USB_ReadInterrupts                       0x08004fab   Thumb Code     8  stm32f7xx_ll_usb.o(i.USB_ReadInterrupts)
    USB_ReadPacket                           0x08004fb3   Thumb Code    28  stm32f7xx_ll_usb.o(i.USB_ReadPacket)
    USB_SetCurrentMode                       0x08004fcf   Thumb Code    46  stm32f7xx_ll_usb.o(i.USB_SetCurrentMode)
    USB_SetDevAddress                        0x08004ffd   Thumb Code    34  stm32f7xx_ll_usb.o(i.USB_SetDevAddress)
    USB_SetTurnaroundTime                    0x08005021   Thumb Code   158  stm32f7xx_ll_usb.o(i.USB_SetTurnaroundTime)
    USB_WritePacket                          0x08005109   Thumb Code    36  stm32f7xx_ll_usb.o(i.USB_WritePacket)
    UsageFault_Handler                       0x0800512d   Thumb Code     2  stm32f7xx_it.o(i.UsageFault_Handler)
    __hardfp_sqrtf                           0x08005151   Thumb Code    58  sqrtf.o(i.__hardfp_sqrtf)
    __scatterload_copy                       0x0800518b   Thumb Code    14  handlers.o(i.__scatterload_copy)
    __scatterload_null                       0x08005199   Thumb Code     2  handlers.o(i.__scatterload_null)
    __scatterload_zeroinit                   0x0800519b   Thumb Code    14  handlers.o(i.__scatterload_zeroinit)
    __set_errno                              0x080051a9   Thumb Code     6  errno.o(i.__set_errno)
    arry_cmp                                 0x080051b5   Thumb Code    30  main.o(i.arry_cmp)
    config_channel0                          0x080051d5   Thumb Code    40  main.o(i.config_channel0)
    config_channel3                          0x08005209   Thumb Code    42  main.o(i.config_channel3)
    free                                     0x08005241   Thumb Code    76  malloc.o(i.free)
    main                                     0x08005291   Thumb Code    72  main.o(i.main)
    malloc                                   0x080052e9   Thumb Code    92  malloc.o(i.malloc)
    AHBPrescTable                            0x0800535c   Data          16  system_stm32f7xx.o(.constdata)
    Region$$Table$$Base                      0x0800536c   Number         0  anon$$obj.o(Region$$Table)
    Region$$Table$$Limit                     0x0800538c   Number         0  anon$$obj.o(Region$$Table)
    pt1000isOK                               0x20000000   Data           1  main.o(.data)
    rec_mes                                  0x20000001   Data           4  main.o(.data)
    snd_cmn                                  0x20000005   Data           4  main.o(.data)
    pt1000Temp                               0x2000000c   Data           4  main.o(.data)
    Temp                                     0x20000010   Data           4  main.o(.data)
    FS_Desc                                  0x20000014   Data          32  usbd_desc.o(.data)
    USBD_LangIDDesc                          0x20000034   Data           4  usbd_desc.o(.data)
    USBD_FS_DeviceDesc                       0x20000038   Data          18  usbd_desc.o(.data)
    USBD_FS_BOSDesc                          0x2000004c   Data          12  usbd_desc.o(.data)
    USBD_StringSerial                        0x20000058   Data          26  usbd_desc.o(.data)
    USBD_Interface_fops_FS                   0x20000074   Data          20  usbd_cdc_if.o(.data)
    uwTickFreq                               0x20000088   Data           1  stm32f7xx_hal.o(.data)
    uwTickPrio                               0x2000008c   Data           4  stm32f7xx_hal.o(.data)
    uwTick                                   0x20000090   Data           4  stm32f7xx_hal.o(.data)
    SystemCoreClock                          0x20000094   Data           4  system_stm32f7xx.o(.data)
    USBD_CDC                                 0x20000174   Data          56  usbd_cdc.o(.data)
    __microlib_freelist                      0x200001ac   Data           4  mvars.o(.data)
    __microlib_freelist_initialised          0x200001b0   Data           4  mvars.o(.data)
    adc_value                                0x200001b8   Data       10000  main.o(.bss)
    tx_data                                  0x200028c8   Data        5005  main.o(.bss)
    pt1000                                   0x20003c58   Data          16  main.o(.bss)
    hadc1                                    0x20003c68   Data          72  adc.o(.bss)
    hadc2                                    0x20003cb0   Data          72  adc.o(.bss)
    hadc3                                    0x20003cf8   Data          72  adc.o(.bss)
    hdma_adc1                                0x20003d40   Data          96  adc.o(.bss)
    hspi1                                    0x20003da0   Data         100  spi.o(.bss)
    hUsbDeviceFS                             0x20003e04   Data         720  usb_device.o(.bss)
    hpcd_USB_OTG_FS                          0x200040d4   Data        1028  usbd_conf.o(.bss)
    USBD_StrDesc                             0x200044d8   Data         512  usbd_desc.o(.bss)
    UserRxBufferFS                           0x200046d8   Data        2048  usbd_cdc_if.o(.bss)
    UserTxBufferFS                           0x20004ed8   Data        2048  usbd_cdc_if.o(.bss)
    __heap_base                              0x200056d8   Data           0  startup_stm32f767xx.o(HEAP)
    __heap_limit                             0x2000f6d8   Data           0  startup_stm32f767xx.o(HEAP)
    __initial_sp                             0x200196d8   Data           0  startup_stm32f767xx.o(STACK)



==============================================================================

Memory Map of the image

  Image Entry point : 0x080001f9

  Load Region LR_IROM1 (Base: 0x08000000, Size: 0x00005544, Max: 0x00200000, ABSOLUTE, COMPRESSED[0x00005464])

    Execution Region ER_IROM1 (Exec base: 0x08000000, Load base: 0x08000000, Size: 0x0000538c, Max: 0x00200000, ABSOLUTE)

    Exec Addr    Load Addr    Size         Type   Attr      Idx    E Section Name        Object

    0x08000000   0x08000000   0x000001f8   Data   RO            3    RESET               startup_stm32f767xx.o
    0x080001f8   0x080001f8   0x00000000   Code   RO         4382  * .ARM.Collect$$$$00000000  mc_w.l(entry.o)
    0x080001f8   0x080001f8   0x00000004   Code   RO         4421    .ARM.Collect$$$$00000001  mc_w.l(entry2.o)
    0x080001fc   0x080001fc   0x00000004   Code   RO         4424    .ARM.Collect$$$$00000004  mc_w.l(entry5.o)
    0x08000200   0x08000200   0x00000000   Code   RO         4426    .ARM.Collect$$$$00000008  mc_w.l(entry7b.o)
    0x08000200   0x08000200   0x00000000   Code   RO         4428    .ARM.Collect$$$$0000000A  mc_w.l(entry8b.o)
    0x08000200   0x08000200   0x00000008   Code   RO         4429    .ARM.Collect$$$$0000000B  mc_w.l(entry9a.o)
    0x08000208   0x08000208   0x00000000   Code   RO         4431    .ARM.Collect$$$$0000000D  mc_w.l(entry10a.o)
    0x08000208   0x08000208   0x00000000   Code   RO         4433    .ARM.Collect$$$$0000000F  mc_w.l(entry11a.o)
    0x08000208   0x08000208   0x00000004   Code   RO         4422    .ARM.Collect$$$$00002712  mc_w.l(entry2.o)
    0x0800020c   0x0800020c   0x00000024   Code   RO            4    .text               startup_stm32f767xx.o
    0x08000230   0x08000230   0x00000062   Code   RO         4385    .text               mc_w.l(uldiv.o)
    0x08000292   0x08000292   0x00000024   Code   RO         4387    .text               mc_w.l(memcpya.o)
    0x080002b6   0x080002b6   0x00000024   Code   RO         4389    .text               mc_w.l(memseta.o)
    0x080002da   0x080002da   0x0000001e   Code   RO         4435    .text               mc_w.l(llshl.o)
    0x080002f8   0x080002f8   0x00000020   Code   RO         4437    .text               mc_w.l(llushr.o)
    0x08000318   0x08000318   0x00000000   Code   RO         4448    .text               mc_w.l(iusefp.o)
    0x08000318   0x08000318   0x00000024   Code   RO         4449    .text               mc_w.l(init.o)
    0x0800033c   0x0800033c   0x00000056   Code   RO         4459    .text               mc_w.l(__dczerorl2.o)
    0x08000392   0x08000392   0x00000002   PAD
    0x08000394   0x08000394   0x00000024   Code   RO          799    i.ADC_IRQHandler    stm32f7xx_it.o
    0x080003b8   0x080003b8   0x00000138   Code   RO         3299    i.ADC_Init          stm32f7xx_hal_adc.o
    0x080004f0   0x080004f0   0x0000005a   Code   RO         3466    i.ADC_MultiModeDMAConvCplt  stm32f7xx_hal_adc_ex.o
    0x0800054a   0x0800054a   0x00000012   Code   RO         3467    i.ADC_MultiModeDMAError  stm32f7xx_hal_adc_ex.o
    0x0800055c   0x0800055c   0x00000006   Code   RO         3468    i.ADC_MultiModeDMAHalfConvCplt  stm32f7xx_hal_adc_ex.o
    0x08000562   0x08000562   0x00000002   Code   RO          800    i.BusFault_Handler  stm32f7xx_it.o
    0x08000564   0x08000564   0x00000004   Code   RO          730    i.CDC_Control_FS    usbd_cdc_if.o
    0x08000568   0x08000568   0x00000004   Code   RO          731    i.CDC_DeInit_FS     usbd_cdc_if.o
    0x0800056c   0x0800056c   0x00000024   Code   RO          732    i.CDC_Init_FS       usbd_cdc_if.o
    0x08000590   0x08000590   0x0000009c   Code   RO           13    i.CDC_ReceiveCallBack  main.o
    0x0800062c   0x0800062c   0x00000024   Code   RO          734    i.CDC_Receive_FS    usbd_cdc_if.o
    0x08000650   0x08000650   0x0000000c   Code   RO          735    i.CDC_TransmitCplt_FS  usbd_cdc_if.o
    0x0800065c   0x0800065c   0x0000002c   Code   RO          736    i.CDC_Transmit_FS   usbd_cdc_if.o
    0x08000688   0x08000688   0x00000002   Code   RO           14    i.CDC_transmitCallBack  main.o
    0x0800068a   0x0800068a   0x00000002   PAD
    0x0800068c   0x0800068c   0x0000000c   Code   RO          801    i.DMA2_Stream0_IRQHandler  stm32f7xx_it.o
    0x08000698   0x08000698   0x00000028   Code   RO         2017    i.DMA_CalcBaseAndBitshift  stm32f7xx_hal_dma.o
    0x080006c0   0x080006c0   0x00000054   Code   RO         2018    i.DMA_CheckFifoParam  stm32f7xx_hal_dma.o
    0x08000714   0x08000714   0x00000028   Code   RO         2019    i.DMA_SetConfig     stm32f7xx_hal_dma.o
    0x0800073c   0x0800073c   0x00000002   Code   RO          802    i.DebugMon_Handler  stm32f7xx_it.o
    0x0800073e   0x0800073e   0x00000002   Code   RO           15    i.Error_Handler     main.o
    0x08000740   0x08000740   0x00000002   Code   RO         3470    i.HAL_ADCEx_InjectedConvCpltCallback  stm32f7xx_hal_adc_ex.o
    0x08000742   0x08000742   0x00000002   PAD
    0x08000744   0x08000744   0x0000006c   Code   RO         3477    i.HAL_ADCEx_MultiModeConfigChannel  stm32f7xx_hal_adc_ex.o
    0x080007b0   0x080007b0   0x0000000c   Code   RO         3478    i.HAL_ADCEx_MultiModeGetValue  stm32f7xx_hal_adc_ex.o
    0x080007bc   0x080007bc   0x00000100   Code   RO         3479    i.HAL_ADCEx_MultiModeStart_DMA  stm32f7xx_hal_adc_ex.o
    0x080008bc   0x080008bc   0x000001a8   Code   RO         3301    i.HAL_ADC_ConfigChannel  stm32f7xx_hal_adc.o
    0x08000a64   0x08000a64   0x000000b4   Code   RO           16    i.HAL_ADC_ConvCpltCallback  main.o
    0x08000b18   0x08000b18   0x00000002   Code   RO         3303    i.HAL_ADC_ConvHalfCpltCallback  stm32f7xx_hal_adc.o
    0x08000b1a   0x08000b1a   0x00000002   Code   RO         3305    i.HAL_ADC_ErrorCallback  stm32f7xx_hal_adc.o
    0x08000b1c   0x08000b1c   0x0000013c   Code   RO         3309    i.HAL_ADC_IRQHandler  stm32f7xx_hal_adc.o
    0x08000c58   0x08000c58   0x00000054   Code   RO         3310    i.HAL_ADC_Init      stm32f7xx_hal_adc.o
    0x08000cac   0x08000cac   0x00000002   Code   RO         3311    i.HAL_ADC_LevelOutOfWindowCallback  stm32f7xx_hal_adc.o
    0x08000cae   0x08000cae   0x00000002   PAD
    0x08000cb0   0x08000cb0   0x0000010c   Code   RO          287    i.HAL_ADC_MspInit   adc.o
    0x08000dbc   0x08000dbc   0x000000e0   Code   RO         3316    i.HAL_ADC_Start     stm32f7xx_hal_adc.o
    0x08000e9c   0x08000e9c   0x000001a0   Code   RO         2025    i.HAL_DMA_IRQHandler  stm32f7xx_hal_dma.o
    0x0800103c   0x0800103c   0x000000e4   Code   RO         2026    i.HAL_DMA_Init      stm32f7xx_hal_dma.o
    0x08001120   0x08001120   0x0000007a   Code   RO         2030    i.HAL_DMA_Start_IT  stm32f7xx_hal_dma.o
    0x0800119a   0x0800119a   0x00000002   PAD
    0x0800119c   0x0800119c   0x00000024   Code   RO         2522    i.HAL_Delay         stm32f7xx_hal.o
    0x080011c0   0x080011c0   0x000001d8   Code   RO         1954    i.HAL_GPIO_Init     stm32f7xx_hal_gpio.o
    0x08001398   0x08001398   0x0000000c   Code   RO         1957    i.HAL_GPIO_TogglePin  stm32f7xx_hal_gpio.o
    0x080013a4   0x080013a4   0x0000000a   Code   RO         1958    i.HAL_GPIO_WritePin  stm32f7xx_hal_gpio.o
    0x080013ae   0x080013ae   0x00000002   PAD
    0x080013b0   0x080013b0   0x0000000c   Code   RO         2532    i.HAL_GetTick       stm32f7xx_hal.o
    0x080013bc   0x080013bc   0x00000010   Code   RO         2538    i.HAL_IncTick       stm32f7xx_hal.o
    0x080013cc   0x080013cc   0x00000016   Code   RO         2539    i.HAL_Init          stm32f7xx_hal.o
    0x080013e2   0x080013e2   0x00000002   PAD
    0x080013e4   0x080013e4   0x00000040   Code   RO         2540    i.HAL_InitTick      stm32f7xx_hal.o
    0x08001424   0x08001424   0x00000030   Code   RO          893    i.HAL_MspInit       stm32f7xx_hal_msp.o
    0x08001454   0x08001454   0x0000001a   Code   RO         2385    i.HAL_NVIC_EnableIRQ  stm32f7xx_hal_cortex.o
    0x0800146e   0x0800146e   0x00000002   PAD
    0x08001470   0x08001470   0x00000040   Code   RO         2391    i.HAL_NVIC_SetPriority  stm32f7xx_hal_cortex.o
    0x080014b0   0x080014b0   0x00000024   Code   RO         2392    i.HAL_NVIC_SetPriorityGrouping  stm32f7xx_hal_cortex.o
    0x080014d4   0x080014d4   0x00000028   Code   RO         1253    i.HAL_PCDEx_ActivateLPM  stm32f7xx_hal_pcd_ex.o
    0x080014fc   0x080014fc   0x00000060   Code   RO          437    i.HAL_PCDEx_LPM_Callback  usbd_conf.o
    0x0800155c   0x0800155c   0x00000008   Code   RO         1257    i.HAL_PCDEx_SetRxFiFo  stm32f7xx_hal_pcd_ex.o
    0x08001564   0x08001564   0x00000046   Code   RO         1258    i.HAL_PCDEx_SetTxFiFo  stm32f7xx_hal_pcd_ex.o
    0x080015aa   0x080015aa   0x00000008   Code   RO          438    i.HAL_PCD_ConnectCallback  usbd_conf.o
    0x080015b2   0x080015b2   0x00000012   Code   RO          439    i.HAL_PCD_DataInStageCallback  usbd_conf.o
    0x080015c4   0x080015c4   0x00000014   Code   RO          440    i.HAL_PCD_DataOutStageCallback  usbd_conf.o
    0x080015d8   0x080015d8   0x00000008   Code   RO          441    i.HAL_PCD_DisconnectCallback  usbd_conf.o
    0x080015e0   0x080015e0   0x0000004c   Code   RO         1042    i.HAL_PCD_EP_Close  stm32f7xx_hal_pcd.o
    0x0800162c   0x0800162c   0x0000005c   Code   RO         1043    i.HAL_PCD_EP_ClrStall  stm32f7xx_hal_pcd.o
    0x08001688   0x08001688   0x00000012   Code   RO         1045    i.HAL_PCD_EP_GetRxCount  stm32f7xx_hal_pcd.o
    0x0800169a   0x0800169a   0x00000060   Code   RO         1046    i.HAL_PCD_EP_Open   stm32f7xx_hal_pcd.o
    0x080016fa   0x080016fa   0x00000044   Code   RO         1047    i.HAL_PCD_EP_Receive  stm32f7xx_hal_pcd.o
    0x0800173e   0x0800173e   0x00000074   Code   RO         1048    i.HAL_PCD_EP_SetStall  stm32f7xx_hal_pcd.o
    0x080017b2   0x080017b2   0x00000044   Code   RO         1049    i.HAL_PCD_EP_Transmit  stm32f7xx_hal_pcd.o
    0x080017f6   0x080017f6   0x00000002   PAD
    0x080017f8   0x080017f8   0x00000474   Code   RO         1051    i.HAL_PCD_IRQHandler  stm32f7xx_hal_pcd.o
    0x08001c6c   0x08001c6c   0x00000008   Code   RO          442    i.HAL_PCD_ISOINIncompleteCallback  usbd_conf.o
    0x08001c74   0x08001c74   0x00000008   Code   RO          443    i.HAL_PCD_ISOOUTIncompleteCallback  usbd_conf.o
    0x08001c7c   0x08001c7c   0x000000f2   Code   RO         1054    i.HAL_PCD_Init      stm32f7xx_hal_pcd.o
    0x08001d6e   0x08001d6e   0x00000002   PAD
    0x08001d70   0x08001d70   0x0000009c   Code   RO          445    i.HAL_PCD_MspInit   usbd_conf.o
    0x08001e0c   0x08001e0c   0x0000002c   Code   RO          446    i.HAL_PCD_ResetCallback  usbd_conf.o
    0x08001e38   0x08001e38   0x00000008   Code   RO          447    i.HAL_PCD_ResumeCallback  usbd_conf.o
    0x08001e40   0x08001e40   0x00000008   Code   RO          448    i.HAL_PCD_SOFCallback  usbd_conf.o
    0x08001e48   0x08001e48   0x00000028   Code   RO         1060    i.HAL_PCD_SetAddress  stm32f7xx_hal_pcd.o
    0x08001e70   0x08001e70   0x0000000e   Code   RO          449    i.HAL_PCD_SetupStageCallback  usbd_conf.o
    0x08001e7e   0x08001e7e   0x0000002a   Code   RO         1062    i.HAL_PCD_Start     stm32f7xx_hal_pcd.o
    0x08001ea8   0x08001ea8   0x00000030   Code   RO          450    i.HAL_PCD_SuspendCallback  usbd_conf.o
    0x08001ed8   0x08001ed8   0x0000053c   Code   RO         1715    i.HAL_RCCEx_PeriphCLKConfig  stm32f7xx_hal_rcc_ex.o
    0x08002414   0x08002414   0x00000130   Code   RO         1608    i.HAL_RCC_ClockConfig  stm32f7xx_hal_rcc.o
    0x08002544   0x08002544   0x0000000c   Code   RO         1613    i.HAL_RCC_GetHCLKFreq  stm32f7xx_hal_rcc.o
    0x08002550   0x08002550   0x00000060   Code   RO         1617    i.HAL_RCC_GetSysClockFreq  stm32f7xx_hal_rcc.o
    0x080025b0   0x080025b0   0x00000398   Code   RO         1620    i.HAL_RCC_OscConfig  stm32f7xx_hal_rcc.o
    0x08002948   0x08002948   0x000000c4   Code   RO         3582    i.HAL_SPI_Init      stm32f7xx_hal_spi.o
    0x08002a0c   0x08002a0c   0x00000084   Code   RO          365    i.HAL_SPI_MspInit   spi.o
    0x08002a90   0x08002a90   0x0000017a   Code   RO         3590    i.HAL_SPI_Transmit  stm32f7xx_hal_spi.o
    0x08002c0a   0x08002c0a   0x00000260   Code   RO         3591    i.HAL_SPI_TransmitReceive  stm32f7xx_hal_spi.o
    0x08002e6a   0x08002e6a   0x00000026   Code   RO         2396    i.HAL_SYSTICK_Config  stm32f7xx_hal_cortex.o
    0x08002e90   0x08002e90   0x00000002   Code   RO          803    i.HardFault_Handler  stm32f7xx_it.o
    0x08002e92   0x08002e92   0x00000002   PAD
    0x08002e94   0x08002e94   0x00000038   Code   RO          638    i.IntToUnicode      usbd_desc.o
    0x08002ecc   0x08002ecc   0x00000088   Code   RO          288    i.MX_ADC1_Init      adc.o
    0x08002f54   0x08002f54   0x00000058   Code   RO          289    i.MX_ADC2_Init      adc.o
    0x08002fac   0x08002fac   0x00000058   Code   RO          290    i.MX_ADC3_Init      adc.o
    0x08003004   0x08003004   0x0000002c   Code   RO          340    i.MX_DMA_Init       dma.o
    0x08003030   0x08003030   0x000001bc   Code   RO          262    i.MX_GPIO_Init      gpio.o
    0x080031ec   0x080031ec   0x00000054   Code   RO          366    i.MX_SPI1_Init      spi.o
    0x08003240   0x08003240   0x00000054   Code   RO          406    i.MX_USB_DEVICE_Init  usb_device.o
    0x08003294   0x08003294   0x00000016   Code   RO          917    i.Max31865_Filter   max31865.o
    0x080032aa   0x080032aa   0x00000024   Code   RO          918    i.Max31865_autoConvert  max31865.o
    0x080032ce   0x080032ce   0x0000001e   Code   RO          919    i.Max31865_clearFault  max31865.o
    0x080032ec   0x080032ec   0x00000024   Code   RO          921    i.Max31865_enableBias  max31865.o
    0x08003310   0x08003310   0x00000048   Code   RO          922    i.Max31865_init     max31865.o
    0x08003358   0x08003358   0x00000006   Code   RO          923    i.Max31865_readFault  max31865.o
    0x0800335e   0x0800335e   0x00000030   Code   RO          924    i.Max31865_readRTD  max31865.o
    0x0800338e   0x0800338e   0x00000022   Code   RO          925    i.Max31865_readRegister16  max31865.o
    0x080033b0   0x080033b0   0x00000016   Code   RO          926    i.Max31865_readRegister8  max31865.o
    0x080033c6   0x080033c6   0x0000005a   Code   RO          927    i.Max31865_readRegisterN  max31865.o
    0x08003420   0x08003420   0x0000014c   Code   RO          928    i.Max31865_readTempC  max31865.o
    0x0800356c   0x0800356c   0x00000026   Code   RO          930    i.Max31865_setFilter  max31865.o
    0x08003592   0x08003592   0x00000026   Code   RO          931    i.Max31865_setWires  max31865.o
    0x080035b8   0x080035b8   0x0000003e   Code   RO          932    i.Max31865_writeRegister8  max31865.o
    0x080035f6   0x080035f6   0x00000002   Code   RO          804    i.MemManage_Handler  stm32f7xx_it.o
    0x080035f8   0x080035f8   0x00000002   Code   RO          805    i.NMI_Handler       stm32f7xx_it.o
    0x080035fa   0x080035fa   0x00000002   PAD
    0x080035fc   0x080035fc   0x0000000c   Code   RO          806    i.OTG_FS_IRQHandler  stm32f7xx_it.o
    0x08003608   0x08003608   0x000000cc   Code   RO         1065    i.PCD_EP_OutXfrComplete_int  stm32f7xx_hal_pcd.o
    0x080036d4   0x080036d4   0x000000a2   Code   RO         1066    i.PCD_WriteEmptyTxFifo  stm32f7xx_hal_pcd.o
    0x08003776   0x08003776   0x00000002   Code   RO          807    i.PendSV_Handler    stm32f7xx_it.o
    0x08003778   0x08003778   0x00000048   Code   RO         3620    i.SPI_EndRxTxTransaction  stm32f7xx_hal_spi.o
    0x080037c0   0x080037c0   0x00000096   Code   RO         3625    i.SPI_WaitFifoStateUntilTimeout  stm32f7xx_hal_spi.o
    0x08003856   0x08003856   0x00000094   Code   RO         3626    i.SPI_WaitFlagStateUntilTimeout  stm32f7xx_hal_spi.o
    0x080038ea   0x080038ea   0x00000002   Code   RO          808    i.SVC_Handler       stm32f7xx_it.o
    0x080038ec   0x080038ec   0x0000000a   Code   RO         4134    i.SWAPBYTE          usbd_ctlreq.o
    0x080038f6   0x080038f6   0x00000004   Code   RO          809    i.SysTick_Handler   stm32f7xx_it.o
    0x080038fa   0x080038fa   0x00000002   PAD
    0x080038fc   0x080038fc   0x000000a0   Code   RO           18    i.SystemClock_Config  main.o
    0x0800399c   0x0800399c   0x0000001c   Code   RO         3959    i.SystemInit        system_stm32f7xx.o
    0x080039b8   0x080039b8   0x00000060   Code   RO         4267    i.USBD_CDC_DataIn   usbd_cdc.o
    0x08003a18   0x08003a18   0x0000002a   Code   RO         4268    i.USBD_CDC_DataOut  usbd_cdc.o
    0x08003a42   0x08003a42   0x0000004a   Code   RO         4269    i.USBD_CDC_DeInit   usbd_cdc.o
    0x08003a8c   0x08003a8c   0x00000024   Code   RO         4270    i.USBD_CDC_EP0_RxReady  usbd_cdc.o
    0x08003ab0   0x08003ab0   0x0000000c   Code   RO         4271    i.USBD_CDC_GetDeviceQualifierDescriptor  usbd_cdc.o
    0x08003abc   0x08003abc   0x0000000c   Code   RO         4272    i.USBD_CDC_GetFSCfgDesc  usbd_cdc.o
    0x08003ac8   0x08003ac8   0x0000000c   Code   RO         4273    i.USBD_CDC_GetHSCfgDesc  usbd_cdc.o
    0x08003ad4   0x08003ad4   0x0000000c   Code   RO         4274    i.USBD_CDC_GetOtherSpeedCfgDesc  usbd_cdc.o
    0x08003ae0   0x08003ae0   0x000000a2   Code   RO         4275    i.USBD_CDC_Init     usbd_cdc.o
    0x08003b82   0x08003b82   0x00000028   Code   RO         4276    i.USBD_CDC_ReceivePacket  usbd_cdc.o
    0x08003baa   0x08003baa   0x0000000e   Code   RO         4277    i.USBD_CDC_RegisterInterface  usbd_cdc.o
    0x08003bb8   0x08003bb8   0x0000000c   Code   RO         4278    i.USBD_CDC_SetRxBuffer  usbd_cdc.o
    0x08003bc4   0x08003bc4   0x00000010   Code   RO         4279    i.USBD_CDC_SetTxBuffer  usbd_cdc.o
    0x08003bd4   0x08003bd4   0x000000b2   Code   RO         4280    i.USBD_CDC_Setup    usbd_cdc.o
    0x08003c86   0x08003c86   0x00000036   Code   RO         4281    i.USBD_CDC_TransmitPacket  usbd_cdc.o
    0x08003cbc   0x08003cbc   0x00000010   Code   RO         3996    i.USBD_ClrClassConfig  usbd_core.o
    0x08003ccc   0x08003ccc   0x00000010   Code   RO         4207    i.USBD_CtlContinueRx  usbd_ioreq.o
    0x08003cdc   0x08003cdc   0x00000010   Code   RO         4208    i.USBD_CtlContinueSendData  usbd_ioreq.o
    0x08003cec   0x08003cec   0x00000016   Code   RO         4135    i.USBD_CtlError     usbd_ctlreq.o
    0x08003d02   0x08003d02   0x0000001e   Code   RO         4209    i.USBD_CtlPrepareRx  usbd_ioreq.o
    0x08003d20   0x08003d20   0x00000016   Code   RO         4210    i.USBD_CtlReceiveStatus  usbd_ioreq.o
    0x08003d36   0x08003d36   0x0000001a   Code   RO         4211    i.USBD_CtlSendData  usbd_ioreq.o
    0x08003d50   0x08003d50   0x00000016   Code   RO         4212    i.USBD_CtlSendStatus  usbd_ioreq.o
    0x08003d66   0x08003d66   0x00000002   PAD
    0x08003d68   0x08003d68   0x00000020   Code   RO          639    i.USBD_FS_ConfigStrDescriptor  usbd_desc.o
    0x08003d88   0x08003d88   0x0000000c   Code   RO          640    i.USBD_FS_DeviceDescriptor  usbd_desc.o
    0x08003d94   0x08003d94   0x00000024   Code   RO          641    i.USBD_FS_InterfaceStrDescriptor  usbd_desc.o
    0x08003db8   0x08003db8   0x0000000c   Code   RO          642    i.USBD_FS_LangIDStrDescriptor  usbd_desc.o
    0x08003dc4   0x08003dc4   0x00000028   Code   RO          643    i.USBD_FS_ManufacturerStrDescriptor  usbd_desc.o
    0x08003dec   0x08003dec   0x0000002c   Code   RO          644    i.USBD_FS_ProductStrDescriptor  usbd_desc.o
    0x08003e18   0x08003e18   0x0000003c   Code   RO          645    i.USBD_FS_SerialStrDescriptor  usbd_desc.o
    0x08003e54   0x08003e54   0x0000000c   Code   RO          646    i.USBD_FS_USR_BOSDescriptor  usbd_desc.o
    0x08003e60   0x08003e60   0x000000fa   Code   RO         4136    i.USBD_GetDescriptor  usbd_ctlreq.o
    0x08003f5a   0x08003f5a   0x0000004a   Code   RO         4137    i.USBD_GetString    usbd_ctlreq.o
    0x08003fa4   0x08003fa4   0x00000018   Code   RO          451    i.USBD_Get_USB_Status  usbd_conf.o
    0x08003fbc   0x08003fbc   0x00000034   Code   RO         3998    i.USBD_Init         usbd_core.o
    0x08003ff0   0x08003ff0   0x00000012   Code   RO          452    i.USBD_LL_ClearStallEP  usbd_conf.o
    0x08004002   0x08004002   0x00000012   Code   RO          453    i.USBD_LL_CloseEP   usbd_conf.o
    0x08004014   0x08004014   0x000000aa   Code   RO         3999    i.USBD_LL_DataInStage  usbd_core.o
    0x080040be   0x080040be   0x0000006e   Code   RO         4000    i.USBD_LL_DataOutStage  usbd_core.o
    0x0800412c   0x0800412c   0x00000004   Code   RO         4001    i.USBD_LL_DevConnected  usbd_core.o
    0x08004130   0x08004130   0x0000001a   Code   RO         4002    i.USBD_LL_DevDisconnected  usbd_core.o
    0x0800414a   0x0800414a   0x00000008   Code   RO          457    i.USBD_LL_GetRxDataSize  usbd_conf.o
    0x08004152   0x08004152   0x00000002   PAD
    0x08004154   0x08004154   0x00000060   Code   RO          458    i.USBD_LL_Init      usbd_conf.o
    0x080041b4   0x080041b4   0x00000020   Code   RO          459    i.USBD_LL_IsStallEP  usbd_conf.o
    0x080041d4   0x080041d4   0x00000004   Code   RO         4003    i.USBD_LL_IsoINIncomplete  usbd_core.o
    0x080041d8   0x080041d8   0x00000004   Code   RO         4004    i.USBD_LL_IsoOUTIncomplete  usbd_core.o
    0x080041dc   0x080041dc   0x00000018   Code   RO          460    i.USBD_LL_OpenEP    usbd_conf.o
    0x080041f4   0x080041f4   0x00000012   Code   RO          461    i.USBD_LL_PrepareReceive  usbd_conf.o
    0x08004206   0x08004206   0x00000052   Code   RO         4005    i.USBD_LL_Reset     usbd_core.o
    0x08004258   0x08004258   0x00000014   Code   RO         4006    i.USBD_LL_Resume    usbd_core.o
    0x0800426c   0x0800426c   0x00000018   Code   RO         4007    i.USBD_LL_SOF       usbd_core.o
    0x08004284   0x08004284   0x00000006   Code   RO         4008    i.USBD_LL_SetSpeed  usbd_core.o
    0x0800428a   0x0800428a   0x00000012   Code   RO          462    i.USBD_LL_SetUSBAddress  usbd_conf.o
    0x0800429c   0x0800429c   0x0000005c   Code   RO         4009    i.USBD_LL_SetupStage  usbd_core.o
    0x080042f8   0x080042f8   0x00000012   Code   RO          463    i.USBD_LL_StallEP   usbd_conf.o
    0x0800430a   0x0800430a   0x00000012   Code   RO          464    i.USBD_LL_Start     usbd_conf.o
    0x0800431c   0x0800431c   0x00000012   Code   RO         4010    i.USBD_LL_Suspend   usbd_core.o
    0x0800432e   0x0800432e   0x00000012   Code   RO          466    i.USBD_LL_Transmit  usbd_conf.o
    0x08004340   0x08004340   0x0000002a   Code   RO         4138    i.USBD_ParseSetupRequest  usbd_ctlreq.o
    0x0800436a   0x0800436a   0x00000022   Code   RO         4011    i.USBD_RegisterClass  usbd_core.o
    0x0800438c   0x0800438c   0x00000014   Code   RO         4013    i.USBD_SetClassConfig  usbd_core.o
    0x080043a0   0x080043a0   0x000000bc   Code   RO         4139    i.USBD_SetConfig    usbd_ctlreq.o
    0x0800445c   0x0800445c   0x00000004   Code   RO         4014    i.USBD_Start        usbd_core.o
    0x08004460   0x08004460   0x00000116   Code   RO         4140    i.USBD_StdDevReq    usbd_ctlreq.o
    0x08004576   0x08004576   0x0000014c   Code   RO         4141    i.USBD_StdEPReq     usbd_ctlreq.o
    0x080046c2   0x080046c2   0x00000054   Code   RO         4142    i.USBD_StdItfReq    usbd_ctlreq.o
    0x08004716   0x08004716   0x00000002   PAD
    0x08004718   0x08004718   0x00000080   Code   RO         1308    i.USB_ActivateEndpoint  stm32f7xx_ll_usb.o
    0x08004798   0x08004798   0x0000001c   Code   RO         1310    i.USB_ActivateSetup  stm32f7xx_ll_usb.o
    0x080047b4   0x080047b4   0x0000006c   Code   RO         1312    i.USB_CoreInit      stm32f7xx_ll_usb.o
    0x08004820   0x08004820   0x00000038   Code   RO         1313    i.USB_CoreReset     stm32f7xx_ll_usb.o
    0x08004858   0x08004858   0x000000cc   Code   RO         1316    i.USB_DeactivateEndpoint  stm32f7xx_ll_usb.o
    0x08004924   0x08004924   0x00000018   Code   RO         1317    i.USB_DevConnect    stm32f7xx_ll_usb.o
    0x0800493c   0x0800493c   0x00000018   Code   RO         1318    i.USB_DevDisconnect  stm32f7xx_ll_usb.o
    0x08004954   0x08004954   0x0000017c   Code   RO         1319    i.USB_DevInit       stm32f7xx_ll_usb.o
    0x08004ad0   0x08004ad0   0x0000000c   Code   RO         1320    i.USB_DisableGlobalInt  stm32f7xx_ll_usb.o
    0x08004adc   0x08004adc   0x0000011c   Code   RO         1323    i.USB_EP0StartXfer  stm32f7xx_ll_usb.o
    0x08004bf8   0x08004bf8   0x00000058   Code   RO         1324    i.USB_EP0_OutStart  stm32f7xx_ll_usb.o
    0x08004c50   0x08004c50   0x00000058   Code   RO         1325    i.USB_EPClearStall  stm32f7xx_ll_usb.o
    0x08004ca8   0x08004ca8   0x00000058   Code   RO         1326    i.USB_EPSetStall    stm32f7xx_ll_usb.o
    0x08004d00   0x08004d00   0x000001e8   Code   RO         1327    i.USB_EPStartXfer   stm32f7xx_ll_usb.o
    0x08004ee8   0x08004ee8   0x0000000c   Code   RO         1328    i.USB_EnableGlobalInt  stm32f7xx_ll_usb.o
    0x08004ef4   0x08004ef4   0x00000020   Code   RO         1329    i.USB_FlushRxFifo   stm32f7xx_ll_usb.o
    0x08004f14   0x08004f14   0x00000024   Code   RO         1330    i.USB_FlushTxFifo   stm32f7xx_ll_usb.o
    0x08004f38   0x08004f38   0x0000001a   Code   RO         1332    i.USB_GetDevSpeed   stm32f7xx_ll_usb.o
    0x08004f52   0x08004f52   0x00000008   Code   RO         1334    i.USB_GetMode       stm32f7xx_ll_usb.o
    0x08004f5a   0x08004f5a   0x0000000e   Code   RO         1341    i.USB_ReadDevAllInEpInterrupt  stm32f7xx_ll_usb.o
    0x08004f68   0x08004f68   0x0000000e   Code   RO         1342    i.USB_ReadDevAllOutEpInterrupt  stm32f7xx_ll_usb.o
    0x08004f76   0x08004f76   0x00000024   Code   RO         1343    i.USB_ReadDevInEPInterrupt  stm32f7xx_ll_usb.o
    0x08004f9a   0x08004f9a   0x00000010   Code   RO         1344    i.USB_ReadDevOutEPInterrupt  stm32f7xx_ll_usb.o
    0x08004faa   0x08004faa   0x00000008   Code   RO         1345    i.USB_ReadInterrupts  stm32f7xx_ll_usb.o
    0x08004fb2   0x08004fb2   0x0000001c   Code   RO         1346    i.USB_ReadPacket    stm32f7xx_ll_usb.o
    0x08004fce   0x08004fce   0x0000002e   Code   RO         1348    i.USB_SetCurrentMode  stm32f7xx_ll_usb.o
    0x08004ffc   0x08004ffc   0x00000022   Code   RO         1349    i.USB_SetDevAddress  stm32f7xx_ll_usb.o
    0x0800501e   0x0800501e   0x00000002   PAD
    0x08005020   0x08005020   0x000000e8   Code   RO         1351    i.USB_SetTurnaroundTime  stm32f7xx_ll_usb.o
    0x08005108   0x08005108   0x00000024   Code   RO         1354    i.USB_WritePacket   stm32f7xx_ll_usb.o
    0x0800512c   0x0800512c   0x00000002   Code   RO          810    i.UsageFault_Handler  stm32f7xx_it.o
    0x0800512e   0x0800512e   0x00000022   Code   RO         2398    i.__NVIC_SetPriority  stm32f7xx_hal_cortex.o
    0x08005150   0x08005150   0x0000003a   Code   RO         4370    i.__hardfp_sqrtf    m_wv.l(sqrtf.o)
    0x0800518a   0x0800518a   0x0000000e   Code   RO         4453    i.__scatterload_copy  mc_w.l(handlers.o)
    0x08005198   0x08005198   0x00000002   Code   RO         4454    i.__scatterload_null  mc_w.l(handlers.o)
    0x0800519a   0x0800519a   0x0000000e   Code   RO         4455    i.__scatterload_zeroinit  mc_w.l(handlers.o)
    0x080051a8   0x080051a8   0x0000000c   Code   RO         4443    i.__set_errno       mc_w.l(errno.o)
    0x080051b4   0x080051b4   0x0000001e   Code   RO           19    i.arry_cmp          main.o
    0x080051d2   0x080051d2   0x00000002   PAD
    0x080051d4   0x080051d4   0x00000034   Code   RO           20    i.config_channel0   main.o
    0x08005208   0x08005208   0x00000038   Code   RO           21    i.config_channel3   main.o
    0x08005240   0x08005240   0x00000050   Code   RO         4393    i.free              mc_w.l(malloc.o)
    0x08005290   0x08005290   0x00000058   Code   RO           22    i.main              main.o
    0x080052e8   0x080052e8   0x0000006c   Code   RO         4394    i.malloc            mc_w.l(malloc.o)
    0x08005354   0x08005354   0x00000008   Data   RO         2032    .constdata          stm32f7xx_hal_dma.o
    0x0800535c   0x0800535c   0x00000010   Data   RO         3960    .constdata          system_stm32f7xx.o
    0x0800536c   0x0800536c   0x00000020   Data   RO         4451    Region$$Table       anon$$obj.o


    Execution Region RW_IRAM1 (Exec base: 0x20000000, Load base: 0x0800538c, Size: 0x000196d8, Max: 0x00080000, ABSOLUTE, COMPRESSED[0x000000d8])

    Exec Addr    Load Addr    Size         Type   Attr      Idx    E Section Name        Object

    0x20000000   COMPRESSED   0x00000014   Data   RW           24    .data               main.o
    0x20000014   COMPRESSED   0x00000020   Data   RW          648    .data               usbd_desc.o
    0x20000034   COMPRESSED   0x0000003e   Data   RW          649    .data               usbd_desc.o
    0x20000072   COMPRESSED   0x00000002   PAD
    0x20000074   COMPRESSED   0x00000014   Data   RW          739    .data               usbd_cdc_if.o
    0x20000088   COMPRESSED   0x0000000c   Data   RW         2546    .data               stm32f7xx_hal.o
    0x20000094   COMPRESSED   0x00000004   Data   RW         3962    .data               system_stm32f7xx.o
    0x20000098   COMPRESSED   0x00000001   Data   RW         4143    .data               usbd_ctlreq.o
    0x20000099   COMPRESSED   0x00000003   PAD
    0x2000009c   COMPRESSED   0x000000d7   Data   RW         4282    .data               usbd_cdc.o
    0x20000173   COMPRESSED   0x00000001   PAD
    0x20000174   COMPRESSED   0x00000038   Data   RW         4283    .data               usbd_cdc.o
    0x200001ac   COMPRESSED   0x00000004   Data   RW         4439    .data               mc_w.l(mvars.o)
    0x200001b0   COMPRESSED   0x00000004   Data   RW         4440    .data               mc_w.l(mvars.o)
    0x200001b4   COMPRESSED   0x00000004   Data   RW         4444    .data               mc_w.l(errno.o)
    0x200001b8        -       0x00003ab0   Zero   RW           23    .bss                main.o
    0x20003c68        -       0x00000138   Zero   RW          291    .bss                adc.o
    0x20003da0        -       0x00000064   Zero   RW          367    .bss                spi.o
    0x20003e04        -       0x000002d0   Zero   RW          407    .bss                usb_device.o
    0x200040d4        -       0x00000404   Zero   RW          467    .bss                usbd_conf.o
    0x200044d8        -       0x00000200   Zero   RW          647    .bss                usbd_desc.o
    0x200046d8        -       0x00001000   Zero   RW          738    .bss                usbd_cdc_if.o
    0x200056d8        -       0x0000a000   Zero   RW            2    HEAP                startup_stm32f767xx.o
    0x2000f6d8        -       0x0000a000   Zero   RW            1    STACK               startup_stm32f767xx.o


==============================================================================

Image component sizes


      Code (inc. data)   RO Data    RW Data    ZI Data      Debug   Object Name

       580         64          0          0        312       3405   adc.o
        44          4          0          0          0        814   dma.o
       444         34          0          0          0       1239   gpio.o
       726        116          0         20      15024     871570   main.o
       866         82          0          0          0      11002   max31865.o
       216         26          0          0        100       1833   spi.o
        36          8        504          0      81920        864   startup_stm32f767xx.o
       150         24          0         12          0       9413   stm32f7xx_hal.o
      1366         46          0          0          0       6526   stm32f7xx_hal_adc.o
       492         38          0          0          0       5385   stm32f7xx_hal_adc_ex.o
       198         12          0          0          0      39167   stm32f7xx_hal_cortex.o
       930         16          8          0          0       6051   stm32f7xx_hal_dma.o
       494         52          0          0          0       3305   stm32f7xx_hal_gpio.o
        48          6          0          0          0        882   stm32f7xx_hal_msp.o
      2364         16          0          0          0      13293   stm32f7xx_hal_pcd.o
       118          6          0          0          0       2616   stm32f7xx_hal_pcd_ex.o
      1332         48          0          0          0       4626   stm32f7xx_hal_rcc.o
      1340         22          0          0          0       2384   stm32f7xx_hal_rcc_ex.o
      1552          0          0          0          0       7844   stm32f7xx_hal_spi.o
        80         24          0          0          0       5881   stm32f7xx_it.o
      2578        128          0          0          0      23631   stm32f7xx_ll_usb.o
        28          6         16          4          0       1223   system_stm32f7xx.o
        84         18          0          0        720        844   usb_device.o
       772         16          0        271          0      14061   usbd_cdc.o
       136         22          0         20       4096       4172   usbd_cdc_if.o
       754         24          0          0       1028      16489   usbd_conf.o
       686          0          0          0          0      12929   usbd_core.o
      1280         20          0          1          0      14432   usbd_ctlreq.o
       304        110          0         94        512       6901   usbd_desc.o
       132          0          0          0          0       4740   usbd_ioreq.o

    ----------------------------------------------------------------------
     20164        988        560        428     103712    1097522   Object Totals
         0          0         32          0          0          0   (incl. Generated)
        34          0          0          6          0          0   (incl. Padding)

    ----------------------------------------------------------------------

      Code (inc. data)   RO Data    RW Data    ZI Data      Debug   Library Member Name

        58          0          0          0          0        136   sqrtf.o
        86          0          0          0          0          0   __dczerorl2.o
         0          0          0          0          0          0   entry.o
         0          0          0          0          0          0   entry10a.o
         0          0          0          0          0          0   entry11a.o
         8          4          0          0          0          0   entry2.o
         4          0          0          0          0          0   entry5.o
         0          0          0          0          0          0   entry7b.o
         0          0          0          0          0          0   entry8b.o
         8          4          0          0          0          0   entry9a.o
        12          6          0          4          0         68   errno.o
        30          0          0          0          0          0   handlers.o
        36          8          0          0          0         68   init.o
         0          0          0          0          0          0   iusefp.o
        30          0          0          0          0         68   llshl.o
        32          0          0          0          0         68   llushr.o
       188         20          0          0          0        160   malloc.o
        36          0          0          0          0         68   memcpya.o
        36          0          0          0          0        108   memseta.o
         0          0          0          8          0          0   mvars.o
        98          0          0          0          0         92   uldiv.o

    ----------------------------------------------------------------------
       664         42          0         12          0        836   Library Totals
         2          0          0          0          0          0   (incl. Padding)

    ----------------------------------------------------------------------

      Code (inc. data)   RO Data    RW Data    ZI Data      Debug   Library Name

        58          0          0          0          0        136   m_wv.l
       604         42          0         12          0        700   mc_w.l

    ----------------------------------------------------------------------
       664         42          0         12          0        836   Library Totals

    ----------------------------------------------------------------------

==============================================================================


      Code (inc. data)   RO Data    RW Data    ZI Data      Debug   

     20828       1030        560        440     103712    1076882   Grand Totals
     20828       1030        560        216     103712    1076882   ELF Image Totals (compressed)
     20828       1030        560        216          0          0   ROM Totals

==============================================================================

    Total RO  Size (Code + RO Data)                21388 (  20.89kB)
    Total RW  Size (RW Data + ZI Data)            104152 ( 101.71kB)
    Total ROM Size (Code + RO Data + RW Data)      21604 (  21.10kB)

==============================================================================

