<html>
<body>
<pre>
<h1>µVision Build Log</h1>
<h2>Tool Versions:</h2>
IDE-Version: µVision V5.30.0.0
Copyright (C) 2020 ARM Ltd and ARM Germany GmbH. All rights reserved.
License Information: moji hedar, LDM.co, LIC=7YK12-9W8JU-E0XN4-F2IXQ-MK3D6-IZBQ3
 
Tool Versions:
Toolchain:       MDK-ARM Professional  Version: 5.30.0.0
Toolchain Path:  C:\Keil_v5\ARM\ARMCC\Bin
C Compiler:      Armcc.exe V5.06 update 6 (build 750)
Assembler:       Armasm.exe V5.06 update 6 (build 750)
Linker/Locator:  ArmLink.exe V5.06 update 6 (build 750)
Library Manager: ArmAr.exe V5.06 update 6 (build 750)
Hex Converter:   FromElf.exe V5.06 update 6 (build 750)
CPU DLL:         SARMCM3.DLL V5.30.0.0
Dialog DLL:      DCM.DLL V1.17.3.0
Target DLL:      STLink\ST-LINKIII-KEIL_SWO.dll V3.0.7.0
Dialog DLL:      TCM.DLL V1.42.0.0
 
<h2>Project:</h2>
C:\Users\LDM\Desktop\Ghassab_USB\New folder\13.11.1.11\part1_final\MDK-ARM\part1_final.uvprojx
Project File Date:  12/15/2020

<h2>Output:</h2>
*** Using Compiler 'V5.06 update 6 (build 750)', folder: 'C:\Keil_v5\ARM\ARMCC\Bin'
Build target 'part1_final'
compiling adc.c...
compiling gpio.c...
compiling main.c...
../Src/main.c(143): warning:  #188-D: enumerated type mixed with another type
  	HAL_GPIO_WritePin(GPIOF,GPIO_PIN_14, 0);
../Src/main.c(229): warning:  #188-D: enumerated type mixed with another type
  		HAL_GPIO_WritePin(GPIOF,GPIO_PIN_14, 1);
../Src/main.c(233): warning:  #188-D: enumerated type mixed with another type
  		HAL_GPIO_WritePin(GPIOF,GPIO_PIN_14, 0);
../Src/main.c(230): warning:  #177-D: variable "idx1_delay"  was declared but never referenced
  		 uint16_t idx1_delay = 0;
../Src/main.c: 4 warnings, 0 errors
compiling dma.c...
compiling spi.c...
compiling usb_device.c...
compiling usbd_conf.c...
compiling usbd_desc.c...
compiling usbd_cdc_if.c...
compiling stm32f7xx_it.c...
compiling stm32f7xx_hal_msp.c...
compiling MAX31865.c...
MAX31865.c(204): warning:  #1035-D: single-precision operand implicitly converted to double-precision
  	temp += 2.2228 * rpoly;
MAX31865.c(206): warning:  #1035-D: single-precision operand implicitly converted to double-precision
  	temp += 2.5859e-3 * rpoly;
MAX31865.c(208): warning:  #1035-D: single-precision operand implicitly converted to double-precision
  	temp -= 4.8260e-6 * rpoly;
MAX31865.c(210): warning:  #1035-D: single-precision operand implicitly converted to double-precision
  	temp -= 2.8183e-8 * rpoly;
MAX31865.c(212): warning:  #1035-D: single-precision operand implicitly converted to double-precision
  	temp += 1.5243e-10 * rpoly;
MAX31865.c: 5 warnings, 0 errors
compiling stm32f7xx_hal_pcd.c...
compiling stm32f7xx_hal_pcd_ex.c...
compiling stm32f7xx_ll_usb.c...
compiling stm32f7xx_hal_rcc.c...
compiling stm32f7xx_hal_flash.c...
compiling stm32f7xx_hal_rcc_ex.c...
compiling stm32f7xx_hal_flash_ex.c...
compiling stm32f7xx_hal_dma.c...
compiling stm32f7xx_hal_gpio.c...
compiling stm32f7xx_hal_dma_ex.c...
compiling stm32f7xx_hal_pwr.c...
compiling stm32f7xx_hal_pwr_ex.c...
compiling stm32f7xx_hal_cortex.c...
compiling stm32f7xx_hal.c...
compiling stm32f7xx_hal_i2c.c...
compiling stm32f7xx_hal_i2c_ex.c...
compiling stm32f7xx_hal_exti.c...
compiling stm32f7xx_hal_adc.c...
compiling stm32f7xx_hal_adc_ex.c...
compiling stm32f7xx_hal_spi.c...
compiling stm32f7xx_hal_spi_ex.c...
compiling stm32f7xx_hal_tim.c...
compiling stm32f7xx_hal_tim_ex.c...
compiling system_stm32f7xx.c...
compiling usbd_core.c...
compiling usbd_ctlreq.c...
compiling usbd_ioreq.c...
compiling usbd_cdc.c...
linking...
Program Size: Code=20828 RO-data=560 RW-data=440 ZI-data=103712  
FromELF: creating hex file...
"part1_final\part1_final.axf" - 0 Error(s), 9 Warning(s).

<h2>Software Packages used:</h2>

Package Vendor: ARM
                http://www.keil.com/pack/ARM.CMSIS.5.7.0.pack
                ARM.CMSIS.5.7.0
                CMSIS (Cortex Microcontroller Software Interface Standard)
   * Component: CORE Version: 5.4.0

Package Vendor: Keil
                http://www.keil.com/pack/Keil.STM32F7xx_DFP.2.12.0.pack
                Keil.STM32F7xx_DFP.2.12.0
                STMicroelectronics STM32F7 Series Device Support, Drivers and Examples

<h2>Collection of Component include folders:</h2>
  .\RTE\_part1_final
  C:\Users\LDM\AppData\Local\Arm\Packs\ARM\CMSIS\5.7.0\CMSIS\Core\Include
  C:\Users\LDM\AppData\Local\Arm\Packs\Keil\STM32F7xx_DFP\2.12.0\Drivers\CMSIS\Device\ST\STM32F7xx\Include

<h2>Collection of Component Files used:</h2>

   * Component: ARM::CMSIS:CORE:5.4.0
Build Time Elapsed:  00:02:14
</pre>
</body>
</html>
